---
source: crates/cli/src/check/expr/snapshots.rs
expression: snapshot_expr(&expr)
---
{
  "root": {
    "lhs": {
      "name": "moniker",
      "type": "attr"
    },
    "op": "path_match",
    "raw": "has_segment(\"module\", \"domain\")",
    "rhs": {
      "pattern": "**/module:domain/**",
      "type": "path_pattern"
    },
    "type": "atom"
  }
}
