---
source: crates/core/tests/extractors_snapshots.rs
assertion_line: 124
expression: body
input_file: crates/core/tests/fixtures/extractors/rs/rust_refs.rs
---
{
  "defs": [
    {
      "binding": "none",
      "kind": "comment",
      "moniker": "code+moniker://app/lang:rs/module:rust_refs/comment:32",
      "origin": "extracted",
      "parent": "code+moniker://app/lang:rs/module:rust_refs",
      "position": [
        32,
        61
      ],
      "signature": "",
      "visibility": ""
    },
    {
      "binding": "local",
      "kind": "fn",
      "moniker": "code+moniker://app/lang:rs/module:rust_refs/fn:normalize(values:Vec<String>)",
      "origin": "extracted",
      "parent": "code+moniker://app/lang:rs/module:rust_refs",
      "position": [
        62,
        454
      ],
      "signature": "",
      "visibility": "private"
    },
    {
      "binding": "none",
      "kind": "comment",
      "moniker": "code+moniker://app/lang:rs/module:rust_refs/fn:normalize(values:Vec<String>)/comment:114",
      "origin": "extracted",
      "parent": "code+moniker://app/lang:rs/module:rust_refs/fn:normalize(values:Vec<String>)",
      "position": [
        114,
        156
      ],
      "signature": "",
      "visibility": ""
    },
    {
      "binding": "none",
      "kind": "comment",
      "moniker": "code+moniker://app/lang:rs/module:rust_refs/fn:normalize(values:Vec<String>)/comment:217",
      "origin": "extracted",
      "parent": "code+moniker://app/lang:rs/module:rust_refs/fn:normalize(values:Vec<String>)",
      "position": [
        217,
        256
      ],
      "signature": "",
      "visibility": ""
    },
    {
      "binding": "none",
      "kind": "comment",
      "moniker": "code+moniker://app/lang:rs/module:rust_refs/comment:456",
      "origin": "extracted",
      "parent": "code+moniker://app/lang:rs/module:rust_refs",
      "position": [
        456,
        490
      ],
      "signature": "",
      "visibility": ""
    },
    {
      "binding": "local",
      "kind": "fn",
      "moniker": "code+moniker://app/lang:rs/module:rust_refs/fn:local_project_call()",
      "origin": "extracted",
      "parent": "code+moniker://app/lang:rs/module:rust_refs",
      "position": [
        491,
        603
      ],
      "signature": "",
      "visibility": "private"
    },
    {
      "binding": "none",
      "kind": "comment",
      "moniker": "code+moniker://app/lang:rs/module:rust_refs/fn:local_project_call()/comment:518",
      "origin": "extracted",
      "parent": "code+moniker://app/lang:rs/module:rust_refs/fn:local_project_call()",
      "position": [
        518,
        572
      ],
      "signature": "",
      "visibility": ""
    }
  ],
  "refs": [
    {
      "alias": "",
      "binding": "import",
      "confidence": "external",
      "from": "code+moniker://app/lang:rs/module:rust_refs",
      "kind": "imports_module",
      "position": [
        4,
        29
      ],
      "receiver_hint": "",
      "to": "code+moniker://app/external_pkg:std/path:collections"
    },
    {
      "alias": "",
      "binding": "import",
      "confidence": "external",
      "from": "code+moniker://app/lang:rs/module:rust_refs",
      "kind": "imports_symbol",
      "position": [
        4,
        29
      ],
      "receiver_hint": "",
      "to": "code+moniker://app/external_pkg:std/path:collections/path:HashMap"
    },
    {
      "alias": "",
      "binding": "local",
      "confidence": "external",
      "from": "code+moniker://app/lang:rs/module:rust_refs/fn:normalize(values:Vec<String>)",
      "kind": "uses_type",
      "position": [
        83,
        86
      ],
      "receiver_hint": "",
      "to": "code+moniker://app/external_pkg:std/path:vec/struct:Vec"
    },
    {
      "alias": "",
      "binding": "local",
      "confidence": "external",
      "from": "code+moniker://app/lang:rs/module:rust_refs/fn:normalize(values:Vec<String>)",
      "kind": "uses_type",
      "position": [
        99,
        102
      ],
      "receiver_hint": "",
      "to": "code+moniker://app/external_pkg:std/path:vec/struct:Vec"
    },
    {
      "alias": "",
      "binding": "local",
      "confidence": "external",
      "from": "code+moniker://app/lang:rs/module:rust_refs/fn:normalize(values:Vec<String>)",
      "kind": "instantiates",
      "position": [
        173,
        187
      ],
      "receiver_hint": "",
      "to": "code+moniker://app/external_pkg:std/path:collections/path:HashMap"
    },
    {
      "alias": "",
      "binding": "local",
      "confidence": "external",
      "from": "code+moniker://app/lang:rs/module:rust_refs/fn:normalize(values:Vec<String>)",
      "kind": "instantiates",
      "position": [
        204,
        214
      ],
      "receiver_hint": "",
      "to": "code+moniker://app/external_pkg:std/path:vec/struct:Vec"
    },
    {
      "alias": "",
      "binding": "local",
      "confidence": "external",
      "from": "code+moniker://app/lang:rs/module:rust_refs/fn:normalize(values:Vec<String>)",
      "kind": "method_call",
      "position": [
        271,
        312
      ],
      "receiver_hint": "call",
      "to": "code+moniker://app/external_pkg:std/path:vec/struct:Vec/method:into_iter/method:map"
    },
    {
      "alias": "",
      "binding": "local",
      "confidence": "external",
      "from": "code+moniker://app/lang:rs/module:rust_refs/fn:normalize(values:Vec<String>)",
      "kind": "method_call",
      "position": [
        271,
        289
      ],
      "receiver_hint": "values",
      "to": "code+moniker://app/external_pkg:std/path:vec/struct:Vec/method:into_iter"
    },
    {
      "alias": "",
      "binding": "local",
      "confidence": "external",
      "from": "code+moniker://app/lang:rs/module:rust_refs/fn:normalize(values:Vec<String>)",
      "kind": "method_call",
      "position": [
        298,
        311
      ],
      "receiver_hint": "v",
      "to": "code+moniker://app/external_pkg:std/path:vec/struct:Vec/method:into_iter/method:map/method:to_string"
    },
    {
      "alias": "",
      "binding": "local",
      "confidence": "external",
      "from": "code+moniker://app/lang:rs/module:rust_refs/fn:normalize(values:Vec<String>)",
      "kind": "method_call",
      "position": [
        320,
        331
      ],
      "receiver_hint": "value",
      "to": "code+moniker://app/external_pkg:std/path:vec/struct:Vec/method:into_iter/method:map/method:len"
    },
    {
      "alias": "",
      "binding": "local",
      "confidence": "external",
      "from": "code+moniker://app/lang:rs/module:rust_refs/fn:normalize(values:Vec<String>)",
      "kind": "method_call",
      "position": [
        341,
        380
      ],
      "receiver_hint": "seen",
      "to": "code+moniker://app/external_pkg:std/path:collections/path:HashMap/method:insert"
    },
    {
      "alias": "",
      "binding": "local",
      "confidence": "external",
      "from": "code+moniker://app/lang:rs/module:rust_refs/fn:normalize(values:Vec<String>)",
      "kind": "method_call",
      "position": [
        353,
        366
      ],
      "receiver_hint": "value",
      "to": "code+moniker://app/external_pkg:std/path:vec/struct:Vec/method:into_iter/method:map/method:clone"
    },
    {
      "alias": "",
      "binding": "local",
      "confidence": "external",
      "from": "code+moniker://app/lang:rs/module:rust_refs/fn:normalize(values:Vec<String>)",
      "kind": "method_call",
      "position": [
        368,
        379
      ],
      "receiver_hint": "value",
      "to": "code+moniker://app/external_pkg:std/path:vec/struct:Vec/method:into_iter/method:map/method:len"
    },
    {
      "alias": "",
      "binding": "local",
      "confidence": "external",
      "from": "code+moniker://app/lang:rs/module:rust_refs/fn:normalize(values:Vec<String>)",
      "kind": "method_call",
      "position": [
        385,
        400
      ],
      "receiver_hint": "out",
      "to": "code+moniker://app/external_pkg:std/path:vec/struct:Vec/method:push"
    },
    {
      "alias": "",
      "binding": "local",
      "confidence": "external",
      "from": "code+moniker://app/lang:rs/module:rust_refs/fn:normalize(values:Vec<String>)",
      "kind": "calls",
      "position": [
        410,
        452
      ],
      "receiver_hint": "",
      "to": "code+moniker://app/external_pkg:std/path:macros/macro:vec"
    },
    {
      "alias": "",
      "binding": "local",
      "confidence": "unresolved",
      "from": "code+moniker://app/lang:rs/module:rust_refs/fn:local_project_call()",
      "kind": "calls",
      "position": [
        574,
        600
      ],
      "receiver_hint": "",
      "to": "code+moniker://app/lang:rs/module:rust_refs/fn:missing_project_function"
    }
  ],
  "root": "code+moniker://app/lang:rs/module:rust_refs"
}
