---
source: crates/core/tests/extractors_snapshots.rs
assertion_line: 130
expression: body
input_file: crates/core/tests/fixtures/extractors/go/http_handlers.go
---
{
  "defs": [
    {
      "binding": "export",
      "kind": "struct",
      "moniker": "code+moniker://app/lang:go/module:http_handlers/struct:User",
      "origin": "extracted",
      "parent": "code+moniker://app/lang:go/module:http_handlers",
      "position": [
        102,
        172
      ],
      "signature": "",
      "visibility": "public"
    },
    {
      "binding": "export",
      "kind": "interface",
      "moniker": "code+moniker://app/lang:go/module:http_handlers/interface:UserStore",
      "origin": "extracted",
      "parent": "code+moniker://app/lang:go/module:http_handlers",
      "position": [
        200,
        318
      ],
      "signature": "",
      "visibility": "public"
    },
    {
      "binding": "export",
      "kind": "struct",
      "moniker": "code+moniker://app/lang:go/module:http_handlers/struct:UserHandler",
      "origin": "extracted",
      "parent": "code+moniker://app/lang:go/module:http_handlers",
      "position": [
        348,
        466
      ],
      "signature": "",
      "visibility": "public"
    },
    {
      "binding": "none",
      "kind": "comment",
      "moniker": "code+moniker://app/lang:go/module:http_handlers/comment:81",
      "origin": "extracted",
      "parent": "code+moniker://app/lang:go/module:http_handlers",
      "position": [
        81,
        96
      ],
      "signature": "",
      "visibility": ""
    },
    {
      "binding": "export",
      "kind": "field",
      "moniker": "code+moniker://app/lang:go/module:http_handlers/struct:User/field:ID",
      "origin": "extracted",
      "parent": "code+moniker://app/lang:go/module:http_handlers/struct:User",
      "position": [
        117,
        119
      ],
      "signature": "int64",
      "visibility": "public"
    },
    {
      "binding": "export",
      "kind": "field",
      "moniker": "code+moniker://app/lang:go/module:http_handlers/struct:User/field:Email",
      "origin": "extracted",
      "parent": "code+moniker://app/lang:go/module:http_handlers/struct:User",
      "position": [
        143,
        148
      ],
      "signature": "string",
      "visibility": "public"
    },
    {
      "binding": "none",
      "kind": "comment",
      "moniker": "code+moniker://app/lang:go/module:http_handlers/comment:174",
      "origin": "extracted",
      "parent": "code+moniker://app/lang:go/module:http_handlers",
      "position": [
        174,
        194
      ],
      "signature": "",
      "visibility": ""
    },
    {
      "binding": "export",
      "kind": "method",
      "moniker": "code+moniker://app/lang:go/module:http_handlers/interface:UserStore/method:Find(ctx:context.Context,id:int64)",
      "origin": "extracted",
      "parent": "code+moniker://app/lang:go/module:http_handlers/interface:UserStore",
      "position": [
        267,
        316
      ],
      "signature": "ctx:context.Context,id:int64",
      "visibility": "public"
    },
    {
      "binding": "none",
      "kind": "comment",
      "moniker": "code+moniker://app/lang:go/module:http_handlers/comment:320",
      "origin": "extracted",
      "parent": "code+moniker://app/lang:go/module:http_handlers",
      "position": [
        320,
        342
      ],
      "signature": "",
      "visibility": ""
    },
    {
      "binding": "local",
      "kind": "field",
      "moniker": "code+moniker://app/lang:go/module:http_handlers/struct:UserHandler/field:store",
      "origin": "extracted",
      "parent": "code+moniker://app/lang:go/module:http_handlers/struct:UserHandler",
      "position": [
        449,
        454
      ],
      "signature": "UserStore",
      "visibility": "module"
    },
    {
      "binding": "export",
      "kind": "func",
      "moniker": "code+moniker://app/lang:go/module:http_handlers/func:NewUserHandler(store:UserStore)",
      "origin": "extracted",
      "parent": "code+moniker://app/lang:go/module:http_handlers",
      "position": [
        468,
        556
      ],
      "signature": "store:UserStore",
      "visibility": "public"
    },
    {
      "binding": "none",
      "kind": "comment",
      "moniker": "code+moniker://app/lang:go/module:http_handlers/comment:558",
      "origin": "extracted",
      "parent": "code+moniker://app/lang:go/module:http_handlers",
      "position": [
        558,
        590
      ],
      "signature": "",
      "visibility": ""
    },
    {
      "binding": "export",
      "kind": "method",
      "moniker": "code+moniker://app/lang:go/module:http_handlers/struct:UserHandler/method:ServeHTTP(w:http.ResponseWriter,r:*http.Request)",
      "origin": "extracted",
      "parent": "code+moniker://app/lang:go/module:http_handlers/struct:UserHandler",
      "position": [
        591,
        1032
      ],
      "signature": "w:http.ResponseWriter,r:*http.Request",
      "visibility": "public"
    },
    {
      "binding": "none",
      "kind": "comment",
      "moniker": "code+moniker://app/lang:go/module:http_handlers/struct:UserHandler/method:ServeHTTP(w:http.ResponseWriter,r:*http.Request)/comment:666",
      "origin": "extracted",
      "parent": "code+moniker://app/lang:go/module:http_handlers/struct:UserHandler/method:ServeHTTP(w:http.ResponseWriter,r:*http.Request)",
      "position": [
        666,
        712
      ],
      "signature": "",
      "visibility": ""
    },
    {
      "binding": "none",
      "kind": "comment",
      "moniker": "code+moniker://app/lang:go/module:http_handlers/struct:UserHandler/method:ServeHTTP(w:http.ResponseWriter,r:*http.Request)/comment:815",
      "origin": "extracted",
      "parent": "code+moniker://app/lang:go/module:http_handlers/struct:UserHandler/method:ServeHTTP(w:http.ResponseWriter,r:*http.Request)",
      "position": [
        815,
        872
      ],
      "signature": "",
      "visibility": ""
    },
    {
      "binding": "none",
      "kind": "comment",
      "moniker": "code+moniker://app/lang:go/module:http_handlers/comment:1034",
      "origin": "extracted",
      "parent": "code+moniker://app/lang:go/module:http_handlers",
      "position": [
        1034,
        1052
      ],
      "signature": "",
      "visibility": ""
    },
    {
      "binding": "local",
      "kind": "func",
      "moniker": "code+moniker://app/lang:go/module:http_handlers/func:parseID(r:*http.Request)",
      "origin": "extracted",
      "parent": "code+moniker://app/lang:go/module:http_handlers",
      "position": [
        1053,
        1214
      ],
      "signature": "r:*http.Request",
      "visibility": "module"
    },
    {
      "binding": "none",
      "kind": "comment",
      "moniker": "code+moniker://app/lang:go/module:http_handlers/func:parseID(r:*http.Request)/comment:1133",
      "origin": "extracted",
      "parent": "code+moniker://app/lang:go/module:http_handlers/func:parseID(r:*http.Request)",
      "position": [
        1133,
        1174
      ],
      "signature": "",
      "visibility": ""
    }
  ],
  "refs": [
    {
      "alias": "",
      "binding": "import",
      "confidence": "external",
      "from": "code+moniker://app/lang:go/module:http_handlers",
      "kind": "imports_module",
      "position": [
        28,
        37
      ],
      "receiver_hint": "",
      "to": "code+moniker://app/external_pkg:context"
    },
    {
      "alias": "",
      "binding": "import",
      "confidence": "external",
      "from": "code+moniker://app/lang:go/module:http_handlers",
      "kind": "imports_module",
      "position": [
        39,
        54
      ],
      "receiver_hint": "",
      "to": "code+moniker://app/external_pkg:encoding/path:json"
    },
    {
      "alias": "",
      "binding": "import",
      "confidence": "external",
      "from": "code+moniker://app/lang:go/module:http_handlers",
      "kind": "imports_module",
      "position": [
        56,
        66
      ],
      "receiver_hint": "",
      "to": "code+moniker://app/external_pkg:net/path:http"
    },
    {
      "alias": "",
      "binding": "import",
      "confidence": "external",
      "from": "code+moniker://app/lang:go/module:http_handlers",
      "kind": "imports_module",
      "position": [
        68,
        77
      ],
      "receiver_hint": "",
      "to": "code+moniker://app/external_pkg:strconv"
    },
    {
      "alias": "",
      "binding": "none",
      "confidence": "resolved",
      "from": "code+moniker://app/lang:go/module:http_handlers/struct:UserHandler/field:store",
      "kind": "typed_as",
      "position": [
        449,
        454
      ],
      "receiver_hint": "",
      "to": "code+moniker://app/lang:go/module:http_handlers/interface:UserStore"
    },
    {
      "alias": "",
      "binding": "local",
      "confidence": "external",
      "from": "code+moniker://app/lang:go/module:http_handlers/interface:UserStore",
      "kind": "uses_type",
      "position": [
        276,
        291
      ],
      "receiver_hint": "",
      "to": "code+moniker://app/external_pkg:context/struct:Context"
    },
    {
      "alias": "",
      "binding": "local",
      "confidence": "resolved",
      "from": "code+moniker://app/lang:go/module:http_handlers/interface:UserStore",
      "kind": "uses_type",
      "position": [
        304,
        308
      ],
      "receiver_hint": "",
      "to": "code+moniker://app/lang:go/module:http_handlers/struct:User"
    },
    {
      "alias": "",
      "binding": "local",
      "confidence": "resolved",
      "from": "code+moniker://app/lang:go/module:http_handlers/struct:UserHandler",
      "kind": "uses_type",
      "position": [
        455,
        464
      ],
      "receiver_hint": "",
      "to": "code+moniker://app/lang:go/module:http_handlers/interface:UserStore"
    },
    {
      "alias": "",
      "binding": "local",
      "confidence": "resolved",
      "from": "code+moniker://app/lang:go/module:http_handlers/func:NewUserHandler(store:UserStore)",
      "kind": "uses_type",
      "position": [
        494,
        503
      ],
      "receiver_hint": "",
      "to": "code+moniker://app/lang:go/module:http_handlers/interface:UserStore"
    },
    {
      "alias": "",
      "binding": "local",
      "confidence": "resolved",
      "from": "code+moniker://app/lang:go/module:http_handlers/func:NewUserHandler(store:UserStore)",
      "kind": "uses_type",
      "position": [
        506,
        517
      ],
      "receiver_hint": "",
      "to": "code+moniker://app/lang:go/module:http_handlers/struct:UserHandler"
    },
    {
      "alias": "",
      "binding": "local",
      "confidence": "resolved",
      "from": "code+moniker://app/lang:go/module:http_handlers/func:NewUserHandler(store:UserStore)",
      "kind": "instantiates",
      "position": [
        529,
        554
      ],
      "receiver_hint": "",
      "to": "code+moniker://app/lang:go/module:http_handlers/struct:UserHandler"
    },
    {
      "alias": "",
      "binding": "local",
      "confidence": "external",
      "from": "code+moniker://app/lang:go/module:http_handlers/struct:UserHandler/method:ServeHTTP(w:http.ResponseWriter,r:*http.Request)",
      "kind": "uses_type",
      "position": [
        625,
        644
      ],
      "receiver_hint": "",
      "to": "code+moniker://app/external_pkg:net/path:http/struct:ResponseWriter"
    },
    {
      "alias": "",
      "binding": "local",
      "confidence": "external",
      "from": "code+moniker://app/lang:go/module:http_handlers/struct:UserHandler/method:ServeHTTP(w:http.ResponseWriter,r:*http.Request)",
      "kind": "uses_type",
      "position": [
        649,
        661
      ],
      "receiver_hint": "",
      "to": "code+moniker://app/external_pkg:net/path:http/struct:Request"
    },
    {
      "alias": "",
      "binding": "local",
      "confidence": "resolved",
      "from": "code+moniker://app/lang:go/module:http_handlers/struct:UserHandler/method:ServeHTTP(w:http.ResponseWriter,r:*http.Request)",
      "kind": "calls",
      "position": [
        725,
        735
      ],
      "receiver_hint": "",
      "to": "code+moniker://app/lang:go/module:http_handlers/func:parseID(r:*http.Request)"
    },
    {
      "alias": "",
      "binding": "local",
      "confidence": "external",
      "from": "code+moniker://app/lang:go/module:http_handlers/struct:UserHandler/method:ServeHTTP(w:http.ResponseWriter,r:*http.Request)",
      "kind": "calls",
      "position": [
        755,
        801
      ],
      "receiver_hint": "",
      "to": "code+moniker://app/external_pkg:net/path:http/func:Error"
    },
    {
      "alias": "",
      "binding": "local",
      "confidence": "resolved",
      "from": "code+moniker://app/lang:go/module:http_handlers/struct:UserHandler/method:ServeHTTP(w:http.ResponseWriter,r:*http.Request)",
      "kind": "method_call",
      "position": [
        887,
        916
      ],
      "receiver_hint": "member",
      "to": "code+moniker://app/lang:go/module:http_handlers/interface:UserStore/method:Find(ctx:context.Context,id:int64)"
    },
    {
      "alias": "",
      "binding": "local",
      "confidence": "external",
      "from": "code+moniker://app/lang:go/module:http_handlers/struct:UserHandler/method:ServeHTTP(w:http.ResponseWriter,r:*http.Request)",
      "kind": "method_call",
      "position": [
        900,
        911
      ],
      "receiver_hint": "r",
      "to": "code+moniker://app/external_pkg:net/path:http/struct:Request/method:Context()"
    },
    {
      "alias": "",
      "binding": "local",
      "confidence": "external",
      "from": "code+moniker://app/lang:go/module:http_handlers/struct:UserHandler/method:ServeHTTP(w:http.ResponseWriter,r:*http.Request)",
      "kind": "calls",
      "position": [
        936,
        981
      ],
      "receiver_hint": "",
      "to": "code+moniker://app/external_pkg:net/path:http/func:Error"
    },
    {
      "alias": "",
      "binding": "local",
      "confidence": "external",
      "from": "code+moniker://app/lang:go/module:http_handlers/struct:UserHandler/method:ServeHTTP(w:http.ResponseWriter,r:*http.Request)",
      "kind": "method_call",
      "position": [
        999,
        1030
      ],
      "receiver_hint": "call",
      "to": "code+moniker://app/external_pkg:encoding/path:json/func:NewEncoder/method:Encode(_)"
    },
    {
      "alias": "",
      "binding": "local",
      "confidence": "external",
      "from": "code+moniker://app/lang:go/module:http_handlers/struct:UserHandler/method:ServeHTTP(w:http.ResponseWriter,r:*http.Request)",
      "kind": "calls",
      "position": [
        999,
        1017
      ],
      "receiver_hint": "",
      "to": "code+moniker://app/external_pkg:encoding/path:json/func:NewEncoder"
    },
    {
      "alias": "",
      "binding": "local",
      "confidence": "external",
      "from": "code+moniker://app/lang:go/module:http_handlers/func:parseID(r:*http.Request)",
      "kind": "uses_type",
      "position": [
        1069,
        1081
      ],
      "receiver_hint": "",
      "to": "code+moniker://app/external_pkg:net/path:http/struct:Request"
    },
    {
      "alias": "",
      "binding": "local",
      "confidence": "external",
      "from": "code+moniker://app/lang:go/module:http_handlers/func:parseID(r:*http.Request)",
      "kind": "method_call",
      "position": [
        1108,
        1131
      ],
      "receiver_hint": "call",
      "to": "code+moniker://app/external_pkg:net/path:http/struct:Request/path:URL/method:Query()/method:Get(_)"
    },
    {
      "alias": "",
      "binding": "local",
      "confidence": "external",
      "from": "code+moniker://app/lang:go/module:http_handlers/func:parseID(r:*http.Request)",
      "kind": "method_call",
      "position": [
        1108,
        1121
      ],
      "receiver_hint": "member",
      "to": "code+moniker://app/external_pkg:net/path:http/struct:Request/path:URL/method:Query()"
    },
    {
      "alias": "",
      "binding": "local",
      "confidence": "external",
      "from": "code+moniker://app/lang:go/module:http_handlers/func:parseID(r:*http.Request)",
      "kind": "calls",
      "position": [
        1183,
        1212
      ],
      "receiver_hint": "",
      "to": "code+moniker://app/external_pkg:strconv/func:ParseInt"
    }
  ],
  "root": "code+moniker://app/lang:go/module:http_handlers"
}
