---
source: crates/core/tests/extractor_snapshots.rs
expression: body
input_file: crates/core/tests/fixtures/ts/imports.ts
---
{
  "defs": [
    {
      "binding": "none",
      "kind": "comment",
      "moniker": "code+moniker://app/lang:ts/module:imports/comment:0",
      "origin": "extracted",
      "parent": "code+moniker://app/lang:ts/module:imports",
      "position": [
        0,
        130
      ],
      "signature": "",
      "visibility": ""
    },
    {
      "binding": "none",
      "kind": "comment",
      "moniker": "code+moniker://app/lang:ts/module:imports/comment:132",
      "origin": "extracted",
      "parent": "code+moniker://app/lang:ts/module:imports",
      "position": [
        132,
        167
      ],
      "signature": "",
      "visibility": ""
    },
    {
      "binding": "none",
      "kind": "comment",
      "moniker": "code+moniker://app/lang:ts/module:imports/comment:291",
      "origin": "extracted",
      "parent": "code+moniker://app/lang:ts/module:imports",
      "position": [
        291,
        331
      ],
      "signature": "",
      "visibility": ""
    },
    {
      "binding": "none",
      "kind": "comment",
      "moniker": "code+moniker://app/lang:ts/module:imports/comment:391",
      "origin": "extracted",
      "parent": "code+moniker://app/lang:ts/module:imports",
      "position": [
        391,
        417
      ],
      "signature": "",
      "visibility": ""
    },
    {
      "binding": "none",
      "kind": "comment",
      "moniker": "code+moniker://app/lang:ts/module:imports/comment:584",
      "origin": "extracted",
      "parent": "code+moniker://app/lang:ts/module:imports",
      "position": [
        584,
        618
      ],
      "signature": "",
      "visibility": ""
    },
    {
      "binding": "local",
      "kind": "const",
      "moniker": "code+moniker://app/lang:ts/module:imports/const:schema",
      "origin": "extracted",
      "parent": "code+moniker://app/lang:ts/module:imports",
      "position": [
        686,
        713
      ],
      "signature": "",
      "visibility": "module"
    },
    {
      "binding": "none",
      "kind": "comment",
      "moniker": "code+moniker://app/lang:ts/module:imports/comment:656",
      "origin": "extracted",
      "parent": "code+moniker://app/lang:ts/module:imports",
      "position": [
        656,
        679
      ],
      "signature": "",
      "visibility": ""
    },
    {
      "binding": "local",
      "kind": "const",
      "moniker": "code+moniker://app/lang:ts/module:imports/const:widget",
      "origin": "extracted",
      "parent": "code+moniker://app/lang:ts/module:imports",
      "position": [
        745,
        766
      ],
      "signature": "",
      "visibility": "module"
    },
    {
      "binding": "none",
      "kind": "comment",
      "moniker": "code+moniker://app/lang:ts/module:imports/comment:715",
      "origin": "extracted",
      "parent": "code+moniker://app/lang:ts/module:imports",
      "position": [
        715,
        738
      ],
      "signature": "",
      "visibility": ""
    },
    {
      "binding": "none",
      "kind": "comment",
      "moniker": "code+moniker://app/lang:ts/module:imports/comment:769",
      "origin": "extracted",
      "parent": "code+moniker://app/lang:ts/module:imports",
      "position": [
        769,
        793
      ],
      "signature": "",
      "visibility": ""
    },
    {
      "binding": "export",
      "kind": "function",
      "moniker": "code+moniker://app/lang:ts/module:imports/function:boot()",
      "origin": "extracted",
      "parent": "code+moniker://app/lang:ts/module:imports",
      "position": [
        801,
        1235
      ],
      "signature": "",
      "visibility": "public"
    },
    {
      "binding": "none",
      "kind": "comment",
      "moniker": "code+moniker://app/lang:ts/module:imports/function:boot()/comment:848",
      "origin": "extracted",
      "parent": "code+moniker://app/lang:ts/module:imports/function:boot()",
      "position": [
        848,
        884
      ],
      "signature": "",
      "visibility": ""
    },
    {
      "binding": "none",
      "kind": "comment",
      "moniker": "code+moniker://app/lang:ts/module:imports/function:boot()/comment:944",
      "origin": "extracted",
      "parent": "code+moniker://app/lang:ts/module:imports/function:boot()",
      "position": [
        944,
        973
      ],
      "signature": "",
      "visibility": ""
    },
    {
      "binding": "none",
      "kind": "comment",
      "moniker": "code+moniker://app/lang:ts/module:imports/function:boot()/comment:1010",
      "origin": "extracted",
      "parent": "code+moniker://app/lang:ts/module:imports/function:boot()",
      "position": [
        1010,
        1045
      ],
      "signature": "",
      "visibility": ""
    },
    {
      "binding": "none",
      "kind": "comment",
      "moniker": "code+moniker://app/lang:ts/module:imports/function:boot()/comment:1075",
      "origin": "extracted",
      "parent": "code+moniker://app/lang:ts/module:imports/function:boot()",
      "position": [
        1075,
        1103
      ],
      "signature": "",
      "visibility": ""
    },
    {
      "binding": "none",
      "kind": "comment",
      "moniker": "code+moniker://app/lang:ts/module:imports/function:boot()/comment:1127",
      "origin": "extracted",
      "parent": "code+moniker://app/lang:ts/module:imports/function:boot()",
      "position": [
        1127,
        1158
      ],
      "signature": "",
      "visibility": ""
    }
  ],
  "refs": [
    {
      "alias": "",
      "binding": "import",
      "confidence": "imported",
      "from": "code+moniker://app/lang:ts/module:imports",
      "kind": "imports_module",
      "position": [
        168,
        189
      ],
      "receiver_hint": "",
      "to": "code+moniker://app/lang:ts/module:polyfills"
    },
    {
      "alias": "defaultLogger",
      "binding": "import",
      "confidence": "imported",
      "from": "code+moniker://app/lang:ts/module:imports",
      "kind": "imports_symbol",
      "position": [
        190,
        227
      ],
      "receiver_hint": "",
      "to": "code+moniker://app/lang:ts/module:logger/path:default"
    },
    {
      "alias": "fs",
      "binding": "import",
      "confidence": "external",
      "from": "code+moniker://app/lang:ts/module:imports",
      "kind": "imports_module",
      "position": [
        228,
        258
      ],
      "receiver_hint": "",
      "to": "code+moniker://app/external_pkg:node:fs"
    },
    {
      "alias": "Util",
      "binding": "import",
      "confidence": "imported",
      "from": "code+moniker://app/lang:ts/module:imports",
      "kind": "imports_module",
      "position": [
        259,
        290
      ],
      "receiver_hint": "",
      "to": "code+moniker://app/lang:ts/module:util"
    },
    {
      "alias": "fmt",
      "binding": "import",
      "confidence": "external",
      "from": "code+moniker://app/lang:ts/module:imports",
      "kind": "imports_symbol",
      "position": [
        332,
        390
      ],
      "receiver_hint": "",
      "to": "code+moniker://app/external_pkg:`@scope/datelib`/path:iso/path:format"
    },
    {
      "alias": "",
      "binding": "import",
      "confidence": "external",
      "from": "code+moniker://app/lang:ts/module:imports",
      "kind": "imports_symbol",
      "position": [
        332,
        390
      ],
      "receiver_hint": "",
      "to": "code+moniker://app/external_pkg:`@scope/datelib`/path:iso/path:parse"
    },
    {
      "alias": "",
      "binding": "import",
      "confidence": "external",
      "from": "code+moniker://app/lang:ts/module:imports",
      "kind": "imports_symbol",
      "position": [
        418,
        455
      ],
      "receiver_hint": "",
      "to": "code+moniker://app/external_pkg:zod/path:z"
    },
    {
      "alias": "",
      "binding": "import",
      "confidence": "external",
      "from": "code+moniker://app/lang:ts/module:imports",
      "kind": "imports_symbol",
      "position": [
        418,
        455
      ],
      "receiver_hint": "",
      "to": "code+moniker://app/external_pkg:zod/path:Schema"
    },
    {
      "alias": "",
      "binding": "import",
      "confidence": "external",
      "from": "code+moniker://app/lang:ts/module:imports",
      "kind": "imports_symbol",
      "position": [
        456,
        493
      ],
      "receiver_hint": "",
      "to": "code+moniker://app/external_pkg:node:buffer/path:Buffer"
    },
    {
      "alias": "",
      "binding": "import",
      "confidence": "imported",
      "from": "code+moniker://app/lang:ts/module:imports",
      "kind": "imports_symbol",
      "position": [
        494,
        528
      ],
      "receiver_hint": "",
      "to": "code+moniker://app/lang:ts/module:helper/path:helper"
    },
    {
      "alias": "",
      "binding": "import",
      "confidence": "imported",
      "from": "code+moniker://app/lang:ts/module:imports",
      "kind": "imports_symbol",
      "position": [
        529,
        563
      ],
      "receiver_hint": "",
      "to": "code+moniker://app/lang:ts/module:widget/path:Widget"
    },
    {
      "alias": "",
      "binding": "import",
      "confidence": "",
      "from": "code+moniker://app/lang:ts/module:imports",
      "kind": "reexports",
      "position": [
        565,
        583
      ],
      "receiver_hint": "",
      "to": "code+moniker://app/lang:ts/module:helper/path:helper"
    },
    {
      "alias": "RenamedWidget",
      "binding": "import",
      "confidence": "",
      "from": "code+moniker://app/lang:ts/module:imports",
      "kind": "reexports",
      "position": [
        619,
        654
      ],
      "receiver_hint": "",
      "to": "code+moniker://app/lang:ts/module:widget/path:Widget"
    },
    {
      "alias": "",
      "binding": "local",
      "confidence": "external",
      "from": "code+moniker://app/lang:ts/module:imports",
      "kind": "uses_type",
      "position": [
        694,
        700
      ],
      "receiver_hint": "",
      "to": "code+moniker://app/external_pkg:zod/path:Schema"
    },
    {
      "alias": "",
      "binding": "local",
      "confidence": "external",
      "from": "code+moniker://app/lang:ts/module:imports",
      "kind": "method_call",
      "position": [
        703,
        713
      ],
      "receiver_hint": "z",
      "to": "code+moniker://app/external_pkg:zod/path:z/method:string"
    },
    {
      "alias": "",
      "binding": "local",
      "confidence": "imported",
      "from": "code+moniker://app/lang:ts/module:imports",
      "kind": "instantiates",
      "position": [
        754,
        766
      ],
      "receiver_hint": "",
      "to": "code+moniker://app/lang:ts/module:widget/class:Widget"
    },
    {
      "alias": "",
      "binding": "local",
      "confidence": "external",
      "from": "code+moniker://app/lang:ts/module:imports/function:boot()",
      "kind": "calls",
      "position": [
        898,
        913
      ],
      "receiver_hint": "",
      "to": "code+moniker://app/external_pkg:`@scope/datelib`/path:iso/function:fmt"
    },
    {
      "alias": "",
      "binding": "local",
      "confidence": "name_match",
      "from": "code+moniker://app/lang:ts/module:imports/function:boot()",
      "kind": "instantiates",
      "position": [
        902,
        912
      ],
      "receiver_hint": "",
      "to": "code+moniker://app/lang:ts/module:imports/class:Date"
    },
    {
      "alias": "",
      "binding": "local",
      "confidence": "external",
      "from": "code+moniker://app/lang:ts/module:imports/function:boot()",
      "kind": "calls",
      "position": [
        931,
        941
      ],
      "receiver_hint": "",
      "to": "code+moniker://app/external_pkg:`@scope/datelib`/path:iso/function:parse"
    },
    {
      "alias": "",
      "binding": "local",
      "confidence": "external",
      "from": "code+moniker://app/lang:ts/module:imports/function:boot()",
      "kind": "method_call",
      "position": [
        988,
        1007
      ],
      "receiver_hint": "fs",
      "to": "code+moniker://app/external_pkg:node:fs/method:statSync"
    },
    {
      "alias": "",
      "binding": "local",
      "confidence": "external",
      "from": "code+moniker://app/lang:ts/module:imports/function:boot()",
      "kind": "instantiates",
      "position": [
        1059,
        1072
      ],
      "receiver_hint": "",
      "to": "code+moniker://app/external_pkg:node:buffer/class:Buffer"
    },
    {
      "alias": "",
      "binding": "local",
      "confidence": "imported",
      "from": "code+moniker://app/lang:ts/module:imports/function:boot()",
      "kind": "calls",
      "position": [
        1116,
        1124
      ],
      "receiver_hint": "",
      "to": "code+moniker://app/lang:ts/module:helper/function:helper"
    },
    {
      "alias": "",
      "binding": "local",
      "confidence": "imported",
      "from": "code+moniker://app/lang:ts/module:imports/function:boot()",
      "kind": "method_call",
      "position": [
        1160,
        1171
      ],
      "receiver_hint": "Util",
      "to": "code+moniker://app/lang:ts/module:util/method:init"
    },
    {
      "alias": "",
      "binding": "local",
      "confidence": "name_match",
      "from": "code+moniker://app/lang:ts/module:imports/function:boot()",
      "kind": "reads",
      "position": [
        1207,
        1213
      ],
      "receiver_hint": "",
      "to": "code+moniker://app/lang:ts/module:imports/function:schema"
    },
    {
      "alias": "",
      "binding": "local",
      "confidence": "name_match",
      "from": "code+moniker://app/lang:ts/module:imports/function:boot()",
      "kind": "reads",
      "position": [
        1220,
        1226
      ],
      "receiver_hint": "",
      "to": "code+moniker://app/lang:ts/module:imports/function:widget"
    }
  ],
  "root": "code+moniker://app/lang:ts/module:imports"
}
