---
source: crates/core/tests/extractor_snapshots.rs
assertion_line: 125
expression: body
input_file: crates/core/tests/fixtures/cs/UserService.cs
---
{
  "defs": [
    {
      "binding": "none",
      "kind": "comment",
      "moniker": "code+moniker://app/lang:cs/module:UserService/comment:0",
      "origin": "extracted",
      "parent": "code+moniker://app/lang:cs/module:UserService",
      "position": [
        0,
        238
      ],
      "signature": "",
      "visibility": ""
    },
    {
      "binding": "none",
      "kind": "comment",
      "moniker": "code+moniker://app/lang:cs/module:UserService/comment:396",
      "origin": "extracted",
      "parent": "code+moniker://app/lang:cs/module:UserService",
      "position": [
        396,
        496
      ],
      "signature": "",
      "visibility": ""
    },
    {
      "binding": "export",
      "kind": "record",
      "moniker": "code+moniker://app/lang:cs/module:UserService/record:User",
      "origin": "extracted",
      "parent": "code+moniker://app/lang:cs/module:UserService",
      "position": [
        497,
        582
      ],
      "signature": "",
      "visibility": "public"
    },
    {
      "binding": "export",
      "kind": "constructor",
      "moniker": "code+moniker://app/lang:cs/module:UserService/record:User/constructor:User(Id:string,Email:string,Name:string,Tags:IReadOnlyList<string>)",
      "origin": "extracted",
      "parent": "code+moniker://app/lang:cs/module:UserService/record:User",
      "position": [
        497,
        582
      ],
      "signature": "Id:string,Email:string,Name:string,Tags:IReadOnlyList<string>",
      "visibility": "public"
    },
    {
      "binding": "none",
      "kind": "comment",
      "moniker": "code+moniker://app/lang:cs/module:UserService/comment:584",
      "origin": "extracted",
      "parent": "code+moniker://app/lang:cs/module:UserService",
      "position": [
        584,
        641
      ],
      "signature": "",
      "visibility": ""
    },
    {
      "binding": "export",
      "kind": "class",
      "moniker": "code+moniker://app/lang:cs/module:UserService/class:UserNotFoundException",
      "origin": "extracted",
      "parent": "code+moniker://app/lang:cs/module:UserService",
      "position": [
        642,
        817
      ],
      "signature": "",
      "visibility": "public"
    },
    {
      "binding": "export",
      "kind": "property",
      "moniker": "code+moniker://app/lang:cs/module:UserService/class:UserNotFoundException/property:UserId",
      "origin": "extracted",
      "parent": "code+moniker://app/lang:cs/module:UserService/class:UserNotFoundException",
      "position": [
        692,
        721
      ],
      "signature": "",
      "visibility": "public"
    },
    {
      "binding": "export",
      "kind": "constructor",
      "moniker": "code+moniker://app/lang:cs/module:UserService/class:UserNotFoundException/constructor:UserNotFoundException(id:string)",
      "origin": "extracted",
      "parent": "code+moniker://app/lang:cs/module:UserService/class:UserNotFoundException",
      "position": [
        724,
        815
      ],
      "signature": "id:string",
      "visibility": "public"
    },
    {
      "binding": "none",
      "kind": "comment",
      "moniker": "code+moniker://app/lang:cs/module:UserService/comment:819",
      "origin": "extracted",
      "parent": "code+moniker://app/lang:cs/module:UserService",
      "position": [
        819,
        901
      ],
      "signature": "",
      "visibility": ""
    },
    {
      "binding": "export",
      "kind": "class",
      "moniker": "code+moniker://app/lang:cs/module:UserService/class:ConflictException",
      "origin": "extracted",
      "parent": "code+moniker://app/lang:cs/module:UserService",
      "position": [
        902,
        1142
      ],
      "signature": "",
      "visibility": "public"
    },
    {
      "binding": "export",
      "kind": "property",
      "moniker": "code+moniker://app/lang:cs/module:UserService/class:ConflictException/property:Field",
      "origin": "extracted",
      "parent": "code+moniker://app/lang:cs/module:UserService/class:ConflictException",
      "position": [
        948,
        976
      ],
      "signature": "",
      "visibility": "public"
    },
    {
      "binding": "export",
      "kind": "property",
      "moniker": "code+moniker://app/lang:cs/module:UserService/class:ConflictException/property:Value",
      "origin": "extracted",
      "parent": "code+moniker://app/lang:cs/module:UserService/class:ConflictException",
      "position": [
        978,
        1006
      ],
      "signature": "",
      "visibility": "public"
    },
    {
      "binding": "export",
      "kind": "constructor",
      "moniker": "code+moniker://app/lang:cs/module:UserService/class:ConflictException/constructor:ConflictException(field:string,value:string)",
      "origin": "extracted",
      "parent": "code+moniker://app/lang:cs/module:UserService/class:ConflictException",
      "position": [
        1009,
        1140
      ],
      "signature": "field:string,value:string",
      "visibility": "public"
    },
    {
      "binding": "none",
      "kind": "comment",
      "moniker": "code+moniker://app/lang:cs/module:UserService/comment:1144",
      "origin": "extracted",
      "parent": "code+moniker://app/lang:cs/module:UserService",
      "position": [
        1144,
        1306
      ],
      "signature": "",
      "visibility": ""
    },
    {
      "binding": "export",
      "kind": "interface",
      "moniker": "code+moniker://app/lang:cs/module:UserService/interface:IUserRepository",
      "origin": "extracted",
      "parent": "code+moniker://app/lang:cs/module:UserService",
      "position": [
        1307,
        1500
      ],
      "signature": "",
      "visibility": "public"
    },
    {
      "binding": "local",
      "kind": "method",
      "moniker": "code+moniker://app/lang:cs/module:UserService/interface:IUserRepository/method:FindByIdAsync(id:string)",
      "origin": "extracted",
      "parent": "code+moniker://app/lang:cs/module:UserService/interface:IUserRepository",
      "position": [
        1343,
        1380
      ],
      "signature": "id:string",
      "visibility": "private"
    },
    {
      "binding": "local",
      "kind": "method",
      "moniker": "code+moniker://app/lang:cs/module:UserService/interface:IUserRepository/method:FindByEmailAsync(email:string)",
      "origin": "extracted",
      "parent": "code+moniker://app/lang:cs/module:UserService/interface:IUserRepository",
      "position": [
        1382,
        1425
      ],
      "signature": "email:string",
      "visibility": "private"
    },
    {
      "binding": "local",
      "kind": "method",
      "moniker": "code+moniker://app/lang:cs/module:UserService/interface:IUserRepository/method:InsertAsync(user:User)",
      "origin": "extracted",
      "parent": "code+moniker://app/lang:cs/module:UserService/interface:IUserRepository",
      "position": [
        1427,
        1461
      ],
      "signature": "user:User",
      "visibility": "private"
    },
    {
      "binding": "local",
      "kind": "method",
      "moniker": "code+moniker://app/lang:cs/module:UserService/interface:IUserRepository/method:ScanAsync()",
      "origin": "extracted",
      "parent": "code+moniker://app/lang:cs/module:UserService/interface:IUserRepository",
      "position": [
        1463,
        1498
      ],
      "signature": "",
      "visibility": "private"
    },
    {
      "binding": "none",
      "kind": "comment",
      "moniker": "code+moniker://app/lang:cs/module:UserService/comment:1502",
      "origin": "extracted",
      "parent": "code+moniker://app/lang:cs/module:UserService",
      "position": [
        1502,
        1573
      ],
      "signature": "",
      "visibility": ""
    },
    {
      "binding": "export",
      "kind": "class",
      "moniker": "code+moniker://app/lang:cs/module:UserService/class:InMemoryRepository",
      "origin": "extracted",
      "parent": "code+moniker://app/lang:cs/module:UserService",
      "position": [
        1574,
        2731
      ],
      "signature": "",
      "visibility": "public"
    },
    {
      "binding": "local",
      "kind": "field",
      "moniker": "code+moniker://app/lang:cs/module:UserService/class:InMemoryRepository/field:_byId",
      "origin": "extracted",
      "parent": "code+moniker://app/lang:cs/module:UserService/class:InMemoryRepository",
      "position": [
        1679,
        1692
      ],
      "signature": "",
      "visibility": "private"
    },
    {
      "binding": "export",
      "kind": "method",
      "moniker": "code+moniker://app/lang:cs/module:UserService/class:InMemoryRepository/method:FindByIdAsync(id:string)",
      "origin": "extracted",
      "parent": "code+moniker://app/lang:cs/module:UserService/class:InMemoryRepository",
      "position": [
        1696,
        1823
      ],
      "signature": "id:string",
      "visibility": "public"
    },
    {
      "binding": "export",
      "kind": "method",
      "moniker": "code+moniker://app/lang:cs/module:UserService/class:InMemoryRepository/method:FindByEmailAsync(email:string)",
      "origin": "extracted",
      "parent": "code+moniker://app/lang:cs/module:UserService/class:InMemoryRepository",
      "position": [
        1826,
        2049
      ],
      "signature": "email:string",
      "visibility": "public"
    },
    {
      "binding": "none",
      "kind": "comment",
      "moniker": "code+moniker://app/lang:cs/module:UserService/class:InMemoryRepository/method:FindByEmailAsync(email:string)/comment:1881",
      "origin": "extracted",
      "parent": "code+moniker://app/lang:cs/module:UserService/class:InMemoryRepository/method:FindByEmailAsync(email:string)",
      "position": [
        1881,
        1940
      ],
      "signature": "",
      "visibility": ""
    },
    {
      "binding": "export",
      "kind": "method",
      "moniker": "code+moniker://app/lang:cs/module:UserService/class:InMemoryRepository/method:InsertAsync(user:User)",
      "origin": "extracted",
      "parent": "code+moniker://app/lang:cs/module:UserService/class:InMemoryRepository",
      "position": [
        2052,
        2472
      ],
      "signature": "user:User",
      "visibility": "public"
    },
    {
      "binding": "none",
      "kind": "comment",
      "moniker": "code+moniker://app/lang:cs/module:UserService/class:InMemoryRepository/method:InsertAsync(user:User)/comment:2104",
      "origin": "extracted",
      "parent": "code+moniker://app/lang:cs/module:UserService/class:InMemoryRepository/method:InsertAsync(user:User)",
      "position": [
        2104,
        2287
      ],
      "signature": "",
      "visibility": ""
    },
    {
      "binding": "export",
      "kind": "method",
      "moniker": "code+moniker://app/lang:cs/module:UserService/class:InMemoryRepository/method:ScanAsync()",
      "origin": "extracted",
      "parent": "code+moniker://app/lang:cs/module:UserService/class:InMemoryRepository",
      "position": [
        2475,
        2729
      ],
      "signature": "",
      "visibility": "public"
    },
    {
      "binding": "none",
      "kind": "comment",
      "moniker": "code+moniker://app/lang:cs/module:UserService/class:InMemoryRepository/method:ScanAsync()/comment:2586",
      "origin": "extracted",
      "parent": "code+moniker://app/lang:cs/module:UserService/class:InMemoryRepository/method:ScanAsync()",
      "position": [
        2586,
        2699
      ],
      "signature": "",
      "visibility": ""
    },
    {
      "binding": "export",
      "kind": "class",
      "moniker": "code+moniker://app/lang:cs/module:UserService/class:UserService",
      "origin": "extracted",
      "parent": "code+moniker://app/lang:cs/module:UserService",
      "position": [
        2733,
        4145
      ],
      "signature": "",
      "visibility": "public"
    },
    {
      "binding": "local",
      "kind": "field",
      "moniker": "code+moniker://app/lang:cs/module:UserService/class:UserService/field:_repo",
      "origin": "extracted",
      "parent": "code+moniker://app/lang:cs/module:UserService/class:UserService",
      "position": [
        2794,
        2799
      ],
      "signature": "",
      "visibility": "private"
    },
    {
      "binding": "export",
      "kind": "constructor",
      "moniker": "code+moniker://app/lang:cs/module:UserService/class:UserService/constructor:UserService(repo:IUserRepository)",
      "origin": "extracted",
      "parent": "code+moniker://app/lang:cs/module:UserService/class:UserService",
      "position": [
        2803,
        2865
      ],
      "signature": "repo:IUserRepository",
      "visibility": "public"
    },
    {
      "binding": "none",
      "kind": "comment",
      "moniker": "code+moniker://app/lang:cs/module:UserService/class:UserService/comment:2868",
      "origin": "extracted",
      "parent": "code+moniker://app/lang:cs/module:UserService/class:UserService",
      "position": [
        2868,
        3006
      ],
      "signature": "",
      "visibility": ""
    },
    {
      "binding": "export",
      "kind": "method",
      "moniker": "code+moniker://app/lang:cs/module:UserService/class:UserService/method:GetAsync(id:string)",
      "origin": "extracted",
      "parent": "code+moniker://app/lang:cs/module:UserService/class:UserService",
      "position": [
        3008,
        3184
      ],
      "signature": "id:string",
      "visibility": "public"
    },
    {
      "binding": "none",
      "kind": "comment",
      "moniker": "code+moniker://app/lang:cs/module:UserService/class:UserService/comment:3187",
      "origin": "extracted",
      "parent": "code+moniker://app/lang:cs/module:UserService/class:UserService",
      "position": [
        3187,
        3324
      ],
      "signature": "",
      "visibility": ""
    },
    {
      "binding": "export",
      "kind": "method",
      "moniker": "code+moniker://app/lang:cs/module:UserService/class:UserService/method:CreateAsync(email:string,name:string,tags:IReadOnlyList<string>)",
      "origin": "extracted",
      "parent": "code+moniker://app/lang:cs/module:UserService/class:UserService",
      "position": [
        3326,
        3657
      ],
      "signature": "email:string,name:string,tags:IReadOnlyList<string>",
      "visibility": "public"
    },
    {
      "binding": "export",
      "kind": "method",
      "moniker": "code+moniker://app/lang:cs/module:UserService/class:UserService/method:WithTagAsync(tag:string)",
      "origin": "extracted",
      "parent": "code+moniker://app/lang:cs/module:UserService/class:UserService",
      "position": [
        3660,
        3838
      ],
      "signature": "tag:string",
      "visibility": "public"
    },
    {
      "binding": "none",
      "kind": "comment",
      "moniker": "code+moniker://app/lang:cs/module:UserService/class:UserService/comment:3841",
      "origin": "extracted",
      "parent": "code+moniker://app/lang:cs/module:UserService/class:UserService",
      "position": [
        3841,
        3985
      ],
      "signature": "",
      "visibility": ""
    },
    {
      "binding": "local",
      "kind": "method",
      "moniker": "code+moniker://app/lang:cs/module:UserService/class:UserService/method:MakeId(email:string)",
      "origin": "extracted",
      "parent": "code+moniker://app/lang:cs/module:UserService/class:UserService",
      "position": [
        3987,
        4143
      ],
      "signature": "email:string",
      "visibility": "private"
    }
  ],
  "refs": [
    {
      "alias": "",
      "binding": "import",
      "confidence": "external",
      "from": "code+moniker://app/lang:cs/module:UserService",
      "kind": "imports_module",
      "position": [
        261,
        274
      ],
      "receiver_hint": "",
      "to": "code+moniker://app/external_pkg:System"
    },
    {
      "alias": "",
      "binding": "import",
      "confidence": "external",
      "from": "code+moniker://app/lang:cs/module:UserService",
      "kind": "imports_module",
      "position": [
        275,
        311
      ],
      "receiver_hint": "",
      "to": "code+moniker://app/external_pkg:System/path:Collections/path:Concurrent"
    },
    {
      "alias": "",
      "binding": "import",
      "confidence": "external",
      "from": "code+moniker://app/lang:cs/module:UserService",
      "kind": "imports_module",
      "position": [
        312,
        345
      ],
      "receiver_hint": "",
      "to": "code+moniker://app/external_pkg:System/path:Collections/path:Generic"
    },
    {
      "alias": "",
      "binding": "import",
      "confidence": "external",
      "from": "code+moniker://app/lang:cs/module:UserService",
      "kind": "imports_module",
      "position": [
        346,
        364
      ],
      "receiver_hint": "",
      "to": "code+moniker://app/external_pkg:System/path:Linq"
    },
    {
      "alias": "",
      "binding": "import",
      "confidence": "external",
      "from": "code+moniker://app/lang:cs/module:UserService",
      "kind": "imports_module",
      "position": [
        365,
        394
      ],
      "receiver_hint": "",
      "to": "code+moniker://app/external_pkg:System/path:Threading/path:Tasks"
    },
    {
      "alias": "",
      "binding": "local",
      "confidence": "external",
      "from": "code+moniker://app/lang:cs/module:UserService/class:UserNotFoundException",
      "kind": "extends",
      "position": [
        679,
        688
      ],
      "receiver_hint": "",
      "to": "code+moniker://app/external_pkg:System/path:Exception"
    },
    {
      "alias": "",
      "binding": "local",
      "confidence": "external",
      "from": "code+moniker://app/lang:cs/module:UserService/class:ConflictException",
      "kind": "extends",
      "position": [
        935,
        944
      ],
      "receiver_hint": "",
      "to": "code+moniker://app/external_pkg:System/path:Exception"
    },
    {
      "alias": "",
      "binding": "local",
      "confidence": "resolved",
      "from": "code+moniker://app/lang:cs/module:UserService/class:InMemoryRepository",
      "kind": "extends",
      "position": [
        1608,
        1623
      ],
      "receiver_hint": "",
      "to": "code+moniker://app/lang:cs/module:UserService/interface:IUserRepository"
    },
    {
      "alias": "",
      "binding": "local",
      "confidence": "external",
      "from": "code+moniker://app/lang:cs/module:UserService/class:InMemoryRepository",
      "kind": "uses_type",
      "position": [
        1644,
        1664
      ],
      "receiver_hint": "",
      "to": "code+moniker://app/external_pkg:System/path:Collections/path:Concurrent/path:ConcurrentDictionary"
    },
    {
      "alias": "",
      "binding": "local",
      "confidence": "resolved",
      "from": "code+moniker://app/lang:cs/module:UserService/class:InMemoryRepository",
      "kind": "uses_type",
      "position": [
        1673,
        1677
      ],
      "receiver_hint": "",
      "to": "code+moniker://app/lang:cs/module:UserService/record:User"
    },
    {
      "alias": "",
      "binding": "local",
      "confidence": "external",
      "from": "code+moniker://app/lang:cs/module:UserService/class:InMemoryRepository/method:FindByIdAsync(id:string)",
      "kind": "uses_type",
      "position": [
        1703,
        1707
      ],
      "receiver_hint": "",
      "to": "code+moniker://app/external_pkg:System/path:Threading/path:Tasks/path:Task"
    },
    {
      "alias": "",
      "binding": "local",
      "confidence": "resolved",
      "from": "code+moniker://app/lang:cs/module:UserService/class:InMemoryRepository/method:FindByIdAsync(id:string)",
      "kind": "uses_type",
      "position": [
        1708,
        1712
      ],
      "receiver_hint": "",
      "to": "code+moniker://app/lang:cs/module:UserService/record:User"
    },
    {
      "alias": "",
      "binding": "local",
      "confidence": "name_match",
      "from": "code+moniker://app/lang:cs/module:UserService/class:InMemoryRepository/method:FindByIdAsync(id:string)",
      "kind": "method_call",
      "position": [
        1745,
        1780
      ],
      "receiver_hint": "_byId",
      "to": "code+moniker://app/lang:cs/module:UserService/method:TryGetValue"
    },
    {
      "alias": "",
      "binding": "local",
      "confidence": "name_match",
      "from": "code+moniker://app/lang:cs/module:UserService/class:InMemoryRepository/method:FindByIdAsync(id:string)",
      "kind": "method_call",
      "position": [
        1791,
        1819
      ],
      "receiver_hint": "Task",
      "to": "code+moniker://app/lang:cs/module:UserService/method:FromResult<User?>"
    },
    {
      "alias": "",
      "binding": "local",
      "confidence": "external",
      "from": "code+moniker://app/lang:cs/module:UserService/class:InMemoryRepository/method:FindByEmailAsync(email:string)",
      "kind": "uses_type",
      "position": [
        1833,
        1837
      ],
      "receiver_hint": "",
      "to": "code+moniker://app/external_pkg:System/path:Threading/path:Tasks/path:Task"
    },
    {
      "alias": "",
      "binding": "local",
      "confidence": "resolved",
      "from": "code+moniker://app/lang:cs/module:UserService/class:InMemoryRepository/method:FindByEmailAsync(email:string)",
      "kind": "uses_type",
      "position": [
        1838,
        1842
      ],
      "receiver_hint": "",
      "to": "code+moniker://app/lang:cs/module:UserService/record:User"
    },
    {
      "alias": "",
      "binding": "local",
      "confidence": "name_match",
      "from": "code+moniker://app/lang:cs/module:UserService/class:InMemoryRepository/method:FindByEmailAsync(email:string)",
      "kind": "method_call",
      "position": [
        1955,
        2005
      ],
      "receiver_hint": "member",
      "to": "code+moniker://app/lang:cs/module:UserService/method:FirstOrDefault"
    },
    {
      "alias": "",
      "binding": "local",
      "confidence": "name_match",
      "from": "code+moniker://app/lang:cs/module:UserService/class:InMemoryRepository/method:FindByEmailAsync(email:string)",
      "kind": "method_call",
      "position": [
        2016,
        2045
      ],
      "receiver_hint": "Task",
      "to": "code+moniker://app/lang:cs/module:UserService/method:FromResult<User?>"
    },
    {
      "alias": "",
      "binding": "local",
      "confidence": "external",
      "from": "code+moniker://app/lang:cs/module:UserService/class:InMemoryRepository/method:InsertAsync(user:User)",
      "kind": "uses_type",
      "position": [
        2065,
        2069
      ],
      "receiver_hint": "",
      "to": "code+moniker://app/external_pkg:System/path:Threading/path:Tasks/path:Task"
    },
    {
      "alias": "",
      "binding": "local",
      "confidence": "resolved",
      "from": "code+moniker://app/lang:cs/module:UserService/class:InMemoryRepository/method:InsertAsync(user:User)",
      "kind": "uses_type",
      "position": [
        2070,
        2074
      ],
      "receiver_hint": "",
      "to": "code+moniker://app/lang:cs/module:UserService/record:User"
    },
    {
      "alias": "",
      "binding": "local",
      "confidence": "resolved",
      "from": "code+moniker://app/lang:cs/module:UserService/class:InMemoryRepository/method:InsertAsync(user:User)",
      "kind": "uses_type",
      "position": [
        2088,
        2092
      ],
      "receiver_hint": "",
      "to": "code+moniker://app/lang:cs/module:UserService/record:User"
    },
    {
      "alias": "",
      "binding": "local",
      "confidence": "name_match",
      "from": "code+moniker://app/lang:cs/module:UserService/class:InMemoryRepository/method:InsertAsync(user:User)",
      "kind": "calls",
      "position": [
        2311,
        2339
      ],
      "receiver_hint": "",
      "to": "code+moniker://app/lang:cs/module:UserService/class:InMemoryRepository/method:FindByEmailAsync(email:string)"
    },
    {
      "alias": "",
      "binding": "local",
      "confidence": "resolved",
      "from": "code+moniker://app/lang:cs/module:UserService/class:InMemoryRepository/method:InsertAsync(user:User)",
      "kind": "instantiates",
      "position": [
        2386,
        2403
      ],
      "receiver_hint": "",
      "to": "code+moniker://app/lang:cs/module:UserService/class:ConflictException"
    },
    {
      "alias": "",
      "binding": "local",
      "confidence": "external",
      "from": "code+moniker://app/lang:cs/module:UserService/class:InMemoryRepository/method:ScanAsync()",
      "kind": "uses_type",
      "position": [
        2488,
        2504
      ],
      "receiver_hint": "",
      "to": "code+moniker://app/external_pkg:System/path:Collections/path:Generic/path:IAsyncEnumerable"
    },
    {
      "alias": "",
      "binding": "local",
      "confidence": "resolved",
      "from": "code+moniker://app/lang:cs/module:UserService/class:InMemoryRepository/method:ScanAsync()",
      "kind": "uses_type",
      "position": [
        2505,
        2509
      ],
      "receiver_hint": "",
      "to": "code+moniker://app/lang:cs/module:UserService/record:User"
    },
    {
      "alias": "",
      "binding": "local",
      "confidence": "name_match",
      "from": "code+moniker://app/lang:cs/module:UserService/class:InMemoryRepository/method:ScanAsync()",
      "kind": "method_call",
      "position": [
        2709,
        2721
      ],
      "receiver_hint": "Task",
      "to": "code+moniker://app/lang:cs/module:UserService/method:Yield"
    },
    {
      "alias": "",
      "binding": "local",
      "confidence": "resolved",
      "from": "code+moniker://app/lang:cs/module:UserService/class:UserService",
      "kind": "uses_type",
      "position": [
        2778,
        2793
      ],
      "receiver_hint": "",
      "to": "code+moniker://app/lang:cs/module:UserService/interface:IUserRepository"
    },
    {
      "alias": "",
      "binding": "local",
      "confidence": "resolved",
      "from": "code+moniker://app/lang:cs/module:UserService/class:UserService/constructor:UserService(repo:IUserRepository)",
      "kind": "uses_type",
      "position": [
        2822,
        2837
      ],
      "receiver_hint": "",
      "to": "code+moniker://app/lang:cs/module:UserService/interface:IUserRepository"
    },
    {
      "alias": "",
      "binding": "local",
      "confidence": "external",
      "from": "code+moniker://app/lang:cs/module:UserService/class:UserService/method:GetAsync(id:string)",
      "kind": "uses_type",
      "position": [
        3021,
        3025
      ],
      "receiver_hint": "",
      "to": "code+moniker://app/external_pkg:System/path:Threading/path:Tasks/path:Task"
    },
    {
      "alias": "",
      "binding": "local",
      "confidence": "resolved",
      "from": "code+moniker://app/lang:cs/module:UserService/class:UserService/method:GetAsync(id:string)",
      "kind": "uses_type",
      "position": [
        3026,
        3030
      ],
      "receiver_hint": "",
      "to": "code+moniker://app/lang:cs/module:UserService/record:User"
    },
    {
      "alias": "",
      "binding": "local",
      "confidence": "name_match",
      "from": "code+moniker://app/lang:cs/module:UserService/class:UserService/method:GetAsync(id:string)",
      "kind": "method_call",
      "position": [
        3074,
        3097
      ],
      "receiver_hint": "_repo",
      "to": "code+moniker://app/lang:cs/module:UserService/method:FindByIdAsync"
    },
    {
      "alias": "",
      "binding": "local",
      "confidence": "resolved",
      "from": "code+moniker://app/lang:cs/module:UserService/class:UserService/method:GetAsync(id:string)",
      "kind": "instantiates",
      "position": [
        3136,
        3157
      ],
      "receiver_hint": "",
      "to": "code+moniker://app/lang:cs/module:UserService/class:UserNotFoundException"
    },
    {
      "alias": "",
      "binding": "local",
      "confidence": "external",
      "from": "code+moniker://app/lang:cs/module:UserService/class:UserService/method:CreateAsync(email:string,name:string,tags:IReadOnlyList<string>)",
      "kind": "uses_type",
      "position": [
        3339,
        3343
      ],
      "receiver_hint": "",
      "to": "code+moniker://app/external_pkg:System/path:Threading/path:Tasks/path:Task"
    },
    {
      "alias": "",
      "binding": "local",
      "confidence": "resolved",
      "from": "code+moniker://app/lang:cs/module:UserService/class:UserService/method:CreateAsync(email:string,name:string,tags:IReadOnlyList<string>)",
      "kind": "uses_type",
      "position": [
        3344,
        3348
      ],
      "receiver_hint": "",
      "to": "code+moniker://app/lang:cs/module:UserService/record:User"
    },
    {
      "alias": "",
      "binding": "local",
      "confidence": "external",
      "from": "code+moniker://app/lang:cs/module:UserService/class:UserService/method:CreateAsync(email:string,name:string,tags:IReadOnlyList<string>)",
      "kind": "uses_type",
      "position": [
        3389,
        3402
      ],
      "receiver_hint": "",
      "to": "code+moniker://app/external_pkg:System/path:Collections/path:Generic/path:IReadOnlyList"
    },
    {
      "alias": "",
      "binding": "local",
      "confidence": "name_match",
      "from": "code+moniker://app/lang:cs/module:UserService/class:UserService/method:CreateAsync(email:string,name:string,tags:IReadOnlyList<string>)",
      "kind": "method_call",
      "position": [
        3443,
        3472
      ],
      "receiver_hint": "_repo",
      "to": "code+moniker://app/lang:cs/module:UserService/method:FindByEmailAsync"
    },
    {
      "alias": "",
      "binding": "local",
      "confidence": "resolved",
      "from": "code+moniker://app/lang:cs/module:UserService/class:UserService/method:CreateAsync(email:string,name:string,tags:IReadOnlyList<string>)",
      "kind": "instantiates",
      "position": [
        3519,
        3536
      ],
      "receiver_hint": "",
      "to": "code+moniker://app/lang:cs/module:UserService/class:ConflictException"
    },
    {
      "alias": "",
      "binding": "local",
      "confidence": "resolved",
      "from": "code+moniker://app/lang:cs/module:UserService/class:UserService/method:CreateAsync(email:string,name:string,tags:IReadOnlyList<string>)",
      "kind": "instantiates",
      "position": [
        3575,
        3579
      ],
      "receiver_hint": "",
      "to": "code+moniker://app/lang:cs/module:UserService/record:User"
    },
    {
      "alias": "",
      "binding": "local",
      "confidence": "name_match",
      "from": "code+moniker://app/lang:cs/module:UserService/class:UserService/method:CreateAsync(email:string,name:string,tags:IReadOnlyList<string>)",
      "kind": "calls",
      "position": [
        3580,
        3593
      ],
      "receiver_hint": "",
      "to": "code+moniker://app/lang:cs/module:UserService/class:UserService/method:MakeId(email:string)"
    },
    {
      "alias": "",
      "binding": "local",
      "confidence": "name_match",
      "from": "code+moniker://app/lang:cs/module:UserService/class:UserService/method:CreateAsync(email:string,name:string,tags:IReadOnlyList<string>)",
      "kind": "method_call",
      "position": [
        3630,
        3653
      ],
      "receiver_hint": "_repo",
      "to": "code+moniker://app/lang:cs/module:UserService/method:InsertAsync"
    },
    {
      "alias": "",
      "binding": "local",
      "confidence": "external",
      "from": "code+moniker://app/lang:cs/module:UserService/class:UserService/method:WithTagAsync(tag:string)",
      "kind": "uses_type",
      "position": [
        3673,
        3689
      ],
      "receiver_hint": "",
      "to": "code+moniker://app/external_pkg:System/path:Collections/path:Generic/path:IAsyncEnumerable"
    },
    {
      "alias": "",
      "binding": "local",
      "confidence": "resolved",
      "from": "code+moniker://app/lang:cs/module:UserService/class:UserService/method:WithTagAsync(tag:string)",
      "kind": "uses_type",
      "position": [
        3690,
        3694
      ],
      "receiver_hint": "",
      "to": "code+moniker://app/lang:cs/module:UserService/record:User"
    },
    {
      "alias": "",
      "binding": "local",
      "confidence": "name_match",
      "from": "code+moniker://app/lang:cs/module:UserService/class:UserService/method:WithTagAsync(tag:string)",
      "kind": "method_call",
      "position": [
        3750,
        3767
      ],
      "receiver_hint": "_repo",
      "to": "code+moniker://app/lang:cs/module:UserService/method:ScanAsync"
    },
    {
      "alias": "",
      "binding": "local",
      "confidence": "name_match",
      "from": "code+moniker://app/lang:cs/module:UserService/class:UserService/method:WithTagAsync(tag:string)",
      "kind": "method_call",
      "position": [
        3780,
        3800
      ],
      "receiver_hint": "member",
      "to": "code+moniker://app/lang:cs/module:UserService/method:Contains"
    },
    {
      "alias": "",
      "binding": "local",
      "confidence": "name_match",
      "from": "code+moniker://app/lang:cs/module:UserService/class:UserService/method:MakeId(email:string)",
      "kind": "method_call",
      "position": [
        4044,
        4062
      ],
      "receiver_hint": "email",
      "to": "code+moniker://app/lang:cs/module:UserService/method:IndexOf"
    },
    {
      "alias": "",
      "binding": "local",
      "confidence": "name_match",
      "from": "code+moniker://app/lang:cs/module:UserService/class:UserService/method:MakeId(email:string)",
      "kind": "method_call",
      "position": [
        4082,
        4112
      ],
      "receiver_hint": "subscript",
      "to": "code+moniker://app/lang:cs/module:UserService/method:ToLowerInvariant"
    },
    {
      "alias": "",
      "binding": "local",
      "confidence": "name_match",
      "from": "code+moniker://app/lang:cs/module:UserService/class:UserService/method:MakeId(email:string)",
      "kind": "method_call",
      "position": [
        4115,
        4139
      ],
      "receiver_hint": "email",
      "to": "code+moniker://app/lang:cs/module:UserService/method:ToLowerInvariant"
    }
  ],
  "root": "code+moniker://app/lang:cs/module:UserService"
}
