---
source: crates/core/tests/extractors_snapshots.rs
assertion_line: 119
expression: body
input_file: crates/core/tests/fixtures/extractors/ts/jsx_legacy.jsx
---
{
  "defs": [
    {
      "binding": "none",
      "kind": "comment",
      "moniker": "code+moniker://app/lang:ts/module:jsx_legacy/comment:0",
      "origin": "extracted",
      "parent": "code+moniker://app/lang:ts/module:jsx_legacy",
      "position": [
        0,
        153
      ],
      "signature": "",
      "visibility": ""
    },
    {
      "binding": "none",
      "kind": "comment",
      "moniker": "code+moniker://app/lang:ts/module:jsx_legacy/comment:231",
      "origin": "extracted",
      "parent": "code+moniker://app/lang:ts/module:jsx_legacy",
      "position": [
        231,
        255
      ],
      "signature": "",
      "visibility": ""
    },
    {
      "binding": "local",
      "kind": "function",
      "moniker": "code+moniker://app/lang:ts/module:jsx_legacy/function:App()",
      "origin": "extracted",
      "parent": "code+moniker://app/lang:ts/module:jsx_legacy",
      "position": [
        256,
        434
      ],
      "signature": "",
      "visibility": "module"
    },
    {
      "binding": "none",
      "kind": "comment",
      "moniker": "code+moniker://app/lang:ts/module:jsx_legacy/function:App()/comment:297",
      "origin": "extracted",
      "parent": "code+moniker://app/lang:ts/module:jsx_legacy/function:App()",
      "position": [
        297,
        326
      ],
      "signature": "",
      "visibility": ""
    },
    {
      "binding": "none",
      "kind": "comment",
      "moniker": "code+moniker://app/lang:ts/module:jsx_legacy/comment:436",
      "origin": "extracted",
      "parent": "code+moniker://app/lang:ts/module:jsx_legacy",
      "position": [
        436,
        469
      ],
      "signature": "",
      "visibility": ""
    }
  ],
  "refs": [
    {
      "alias": "",
      "binding": "import",
      "confidence": "external",
      "from": "code+moniker://app/lang:ts/module:jsx_legacy",
      "kind": "imports_symbol",
      "position": [
        155,
        190
      ],
      "receiver_hint": "",
      "to": "code+moniker://app/external_pkg:react-dom/path:render"
    },
    {
      "alias": "",
      "binding": "import",
      "confidence": "imported",
      "from": "code+moniker://app/lang:ts/module:jsx_legacy",
      "kind": "imports_symbol",
      "position": [
        191,
        229
      ],
      "receiver_hint": "",
      "to": "code+moniker://app/lang:ts/module:greeting/path:Greeting"
    },
    {
      "alias": "",
      "binding": "local",
      "confidence": "imported",
      "from": "code+moniker://app/lang:ts/module:jsx_legacy/function:App()",
      "kind": "reads",
      "position": [
        366,
        374
      ],
      "receiver_hint": "",
      "to": "code+moniker://app/lang:ts/module:greeting/path:Greeting"
    },
    {
      "alias": "",
      "binding": "local",
      "confidence": "external",
      "from": "code+moniker://app/lang:ts/module:jsx_legacy",
      "kind": "calls",
      "position": [
        470,
        518
      ],
      "receiver_hint": "",
      "to": "code+moniker://app/external_pkg:react-dom/function:render"
    },
    {
      "alias": "",
      "binding": "local",
      "confidence": "resolved",
      "from": "code+moniker://app/lang:ts/module:jsx_legacy",
      "kind": "reads",
      "position": [
        478,
        481
      ],
      "receiver_hint": "",
      "to": "code+moniker://app/lang:ts/module:jsx_legacy/function:App()"
    },
    {
      "alias": "",
      "binding": "local",
      "confidence": "external",
      "from": "code+moniker://app/lang:ts/module:jsx_legacy",
      "kind": "method_call",
      "position": [
        486,
        517
      ],
      "receiver_hint": "document",
      "to": "code+moniker://app/external_pkg:code-moniker-ts-runtime/method:getElementById"
    },
    {
      "alias": "",
      "binding": "local",
      "confidence": "external",
      "from": "code+moniker://app/lang:ts/module:jsx_legacy",
      "kind": "reads",
      "position": [
        486,
        494
      ],
      "receiver_hint": "",
      "to": "code+moniker://app/external_pkg:code-moniker-ts-runtime/function:document"
    }
  ],
  "root": "code+moniker://app/lang:ts/module:jsx_legacy"
}
