---
source: crates/core/tests/extractor_snapshots.rs
expression: body
input_file: crates/core/tests/fixtures/rs/rust_tests.rs
---
{
  "defs": [
    {
      "binding": "local",
      "kind": "module",
      "moniker": "code+moniker://app/lang:rs/module:rust_tests/module:tests",
      "origin": "extracted",
      "parent": "code+moniker://app/lang:rs/module:rust_tests",
      "position": [
        13,
        381
      ],
      "signature": "",
      "visibility": "private"
    },
    {
      "binding": "none",
      "kind": "comment",
      "moniker": "code+moniker://app/lang:rs/module:rust_tests/module:tests/comment:26",
      "origin": "extracted",
      "parent": "code+moniker://app/lang:rs/module:rust_tests/module:tests",
      "position": [
        26,
        54
      ],
      "signature": "",
      "visibility": ""
    },
    {
      "binding": "local",
      "kind": "test",
      "moniker": "code+moniker://app/lang:rs/module:rust_tests/module:tests/test:parses_order()",
      "origin": "extracted",
      "parent": "code+moniker://app/lang:rs/module:rust_tests/module:tests",
      "position": [
        65,
        85
      ],
      "signature": "framework=rust-test;enabled=true;display=parses_order",
      "visibility": "private"
    },
    {
      "binding": "none",
      "kind": "comment",
      "moniker": "code+moniker://app/lang:rs/module:rust_tests/module:tests/comment:88",
      "origin": "extracted",
      "parent": "code+moniker://app/lang:rs/module:rust_tests/module:tests",
      "position": [
        88,
        126
      ],
      "signature": "",
      "visibility": ""
    },
    {
      "binding": "local",
      "kind": "test",
      "moniker": "code+moniker://app/lang:rs/module:rust_tests/module:tests/test:skipped_without_reason()",
      "origin": "extracted",
      "parent": "code+moniker://app/lang:rs/module:rust_tests/module:tests",
      "position": [
        148,
        178
      ],
      "signature": "framework=rust-test;enabled=false;display=skipped_without_reason",
      "visibility": "private"
    },
    {
      "binding": "none",
      "kind": "comment",
      "moniker": "code+moniker://app/lang:rs/module:rust_tests/module:tests/comment:181",
      "origin": "extracted",
      "parent": "code+moniker://app/lang:rs/module:rust_tests/module:tests",
      "position": [
        181,
        216
      ],
      "signature": "",
      "visibility": ""
    },
    {
      "binding": "local",
      "kind": "test",
      "moniker": "code+moniker://app/lang:rs/module:rust_tests/module:tests/test:skipped_with_reason()",
      "origin": "extracted",
      "parent": "code+moniker://app/lang:rs/module:rust_tests/module:tests",
      "position": [
        268,
        295
      ],
      "signature": "framework=rust-test;enabled=false;display=skipped_with_reason;ignore=requires external service",
      "visibility": "private"
    },
    {
      "binding": "local",
      "kind": "module",
      "moniker": "code+moniker://app/lang:rs/module:rust_tests/module:tests/module:nested",
      "origin": "extracted",
      "parent": "code+moniker://app/lang:rs/module:rust_tests/module:tests",
      "position": [
        298,
        379
      ],
      "signature": "",
      "visibility": "private"
    },
    {
      "binding": "none",
      "kind": "comment",
      "moniker": "code+moniker://app/lang:rs/module:rust_tests/module:tests/module:nested/comment:313",
      "origin": "extracted",
      "parent": "code+moniker://app/lang:rs/module:rust_tests/module:tests/module:nested",
      "position": [
        313,
        340
      ],
      "signature": "",
      "visibility": ""
    },
    {
      "binding": "local",
      "kind": "test",
      "moniker": "code+moniker://app/lang:rs/module:rust_tests/module:tests/module:nested/test:keeps_hierarchy()",
      "origin": "extracted",
      "parent": "code+moniker://app/lang:rs/module:rust_tests/module:tests/module:nested",
      "position": [
        353,
        376
      ],
      "signature": "framework=rust-test;enabled=true;display=keeps_hierarchy",
      "visibility": "private"
    },
    {
      "binding": "local",
      "kind": "module",
      "moniker": "code+moniker://app/lang:rs/module:rust_tests/module:integration_style",
      "origin": "extracted",
      "parent": "code+moniker://app/lang:rs/module:rust_tests",
      "position": [
        383,
        484
      ],
      "signature": "",
      "visibility": "private"
    },
    {
      "binding": "none",
      "kind": "comment",
      "moniker": "code+moniker://app/lang:rs/module:rust_tests/module:integration_style/comment:408",
      "origin": "extracted",
      "parent": "code+moniker://app/lang:rs/module:rust_tests/module:integration_style",
      "position": [
        408,
        442
      ],
      "signature": "",
      "visibility": ""
    },
    {
      "binding": "local",
      "kind": "test",
      "moniker": "code+moniker://app/lang:rs/module:rust_tests/module:integration_style/test:top_level_module_test()",
      "origin": "extracted",
      "parent": "code+moniker://app/lang:rs/module:rust_tests/module:integration_style",
      "position": [
        453,
        482
      ],
      "signature": "framework=rust-test;enabled=true;display=top_level_module_test",
      "visibility": "private"
    },
    {
      "binding": "none",
      "kind": "comment",
      "moniker": "code+moniker://app/lang:rs/module:rust_tests/comment:486",
      "origin": "extracted",
      "parent": "code+moniker://app/lang:rs/module:rust_tests",
      "position": [
        486,
        527
      ],
      "signature": "",
      "visibility": ""
    },
    {
      "binding": "local",
      "kind": "fn",
      "moniker": "code+moniker://app/lang:rs/module:rust_tests/fn:async_runtime_test_is_not_builtin_rust_test()",
      "origin": "extracted",
      "parent": "code+moniker://app/lang:rs/module:rust_tests",
      "position": [
        543,
        600
      ],
      "signature": "",
      "visibility": "private"
    },
    {
      "binding": "local",
      "kind": "test",
      "moniker": "code+moniker://app/lang:rs/module:rust_tests/test:round_trips(bytes,size)",
      "origin": "extracted",
      "parent": "code+moniker://app/lang:rs/module:rust_tests",
      "position": [
        698,
        796
      ],
      "signature": "framework=proptest;enabled=true;display=round_trips",
      "visibility": "private"
    },
    {
      "binding": "local",
      "kind": "test",
      "moniker": "code+moniker://app/lang:rs/module:rust_tests/test:ignored_property(value)",
      "origin": "extracted",
      "parent": "code+moniker://app/lang:rs/module:rust_tests",
      "position": [
        902,
        950
      ],
      "signature": "framework=proptest;enabled=false;display=ignored_property;ignore=slow property",
      "visibility": "private"
    },
    {
      "binding": "none",
      "kind": "comment",
      "moniker": "code+moniker://app/lang:rs/module:rust_tests/comment:662",
      "origin": "extracted",
      "parent": "code+moniker://app/lang:rs/module:rust_tests",
      "position": [
        662,
        696
      ],
      "signature": "",
      "visibility": ""
    },
    {
      "binding": "none",
      "kind": "comment",
      "moniker": "code+moniker://app/lang:rs/module:rust_tests/comment:829",
      "origin": "extracted",
      "parent": "code+moniker://app/lang:rs/module:rust_tests",
      "position": [
        829,
        871
      ],
      "signature": "",
      "visibility": ""
    },
    {
      "binding": "none",
      "kind": "comment",
      "moniker": "code+moniker://app/lang:rs/module:rust_tests/comment:602",
      "origin": "extracted",
      "parent": "code+moniker://app/lang:rs/module:rust_tests",
      "position": [
        602,
        638
      ],
      "signature": "",
      "visibility": ""
    }
  ],
  "refs": [
    {
      "alias": "",
      "binding": "local",
      "confidence": "name_match",
      "from": "code+moniker://app/lang:rs/module:rust_tests",
      "kind": "annotates",
      "position": [
        2,
        11
      ],
      "receiver_hint": "",
      "to": "code+moniker://app/lang:rs/module:rust_tests/fn:cfg"
    },
    {
      "alias": "",
      "binding": "local",
      "confidence": "name_match",
      "from": "code+moniker://app/lang:rs/module:rust_tests/module:tests",
      "kind": "annotates",
      "position": [
        58,
        62
      ],
      "receiver_hint": "",
      "to": "code+moniker://app/lang:rs/module:rust_tests/fn:test"
    },
    {
      "alias": "",
      "binding": "local",
      "confidence": "name_match",
      "from": "code+moniker://app/lang:rs/module:rust_tests/module:tests",
      "kind": "annotates",
      "position": [
        130,
        134
      ],
      "receiver_hint": "",
      "to": "code+moniker://app/lang:rs/module:rust_tests/fn:test"
    },
    {
      "alias": "",
      "binding": "local",
      "confidence": "name_match",
      "from": "code+moniker://app/lang:rs/module:rust_tests/module:tests",
      "kind": "annotates",
      "position": [
        139,
        145
      ],
      "receiver_hint": "",
      "to": "code+moniker://app/lang:rs/module:rust_tests/fn:ignore"
    },
    {
      "alias": "",
      "binding": "local",
      "confidence": "name_match",
      "from": "code+moniker://app/lang:rs/module:rust_tests/module:tests",
      "kind": "annotates",
      "position": [
        220,
        256
      ],
      "receiver_hint": "",
      "to": "code+moniker://app/lang:rs/module:rust_tests/fn:ignore"
    },
    {
      "alias": "",
      "binding": "local",
      "confidence": "name_match",
      "from": "code+moniker://app/lang:rs/module:rust_tests/module:tests",
      "kind": "annotates",
      "position": [
        261,
        265
      ],
      "receiver_hint": "",
      "to": "code+moniker://app/lang:rs/module:rust_tests/fn:test"
    },
    {
      "alias": "",
      "binding": "local",
      "confidence": "name_match",
      "from": "code+moniker://app/lang:rs/module:rust_tests/module:tests/module:nested",
      "kind": "annotates",
      "position": [
        345,
        349
      ],
      "receiver_hint": "",
      "to": "code+moniker://app/lang:rs/module:rust_tests/fn:test"
    },
    {
      "alias": "",
      "binding": "local",
      "confidence": "name_match",
      "from": "code+moniker://app/lang:rs/module:rust_tests/module:integration_style",
      "kind": "annotates",
      "position": [
        446,
        450
      ],
      "receiver_hint": "",
      "to": "code+moniker://app/lang:rs/module:rust_tests/fn:test"
    },
    {
      "alias": "",
      "binding": "local",
      "confidence": "name_match",
      "from": "code+moniker://app/lang:rs/module:rust_tests",
      "kind": "annotates",
      "position": [
        530,
        541
      ],
      "receiver_hint": "",
      "to": "code+moniker://app/lang:rs/module:rust_tests/fn:test"
    },
    {
      "alias": "",
      "binding": "local",
      "confidence": "unresolved",
      "from": "code+moniker://app/lang:rs/module:rust_tests",
      "kind": "calls",
      "position": [
        639,
        974
      ],
      "receiver_hint": "",
      "to": "code+moniker://app/lang:rs/module:rust_tests/macro:proptest"
    },
    {
      "alias": "",
      "binding": "local",
      "confidence": "name_match",
      "from": "code+moniker://app/lang:rs/module:rust_tests",
      "kind": "reads",
      "position": [
        639,
        657
      ],
      "receiver_hint": "",
      "to": "code+moniker://app/lang:rs/module:rust_tests/path:proptest"
    }
  ],
  "root": "code+moniker://app/lang:rs/module:rust_tests"
}
