---
source: crates/core/tests/extractor_snapshots.rs
assertion_line: 121
expression: body
input_file: crates/core/tests/fixtures/rs/accounts.rs
---
{
  "defs": [
    {
      "binding": "none",
      "kind": "comment",
      "moniker": "code+moniker://app/lang:rs/module:accounts/comment:0",
      "origin": "extracted",
      "parent": "code+moniker://app/lang:rs/module:accounts",
      "position": [
        0,
        244
      ],
      "signature": "",
      "visibility": ""
    },
    {
      "binding": "none",
      "kind": "comment",
      "moniker": "code+moniker://app/lang:rs/module:accounts/comment:320",
      "origin": "extracted",
      "parent": "code+moniker://app/lang:rs/module:accounts",
      "position": [
        320,
        443
      ],
      "signature": "",
      "visibility": ""
    },
    {
      "binding": "export",
      "kind": "struct",
      "moniker": "code+moniker://app/lang:rs/module:accounts/struct:User",
      "origin": "extracted",
      "parent": "code+moniker://app/lang:rs/module:accounts",
      "position": [
        482,
        581
      ],
      "signature": "",
      "visibility": "public"
    },
    {
      "binding": "none",
      "kind": "comment",
      "moniker": "code+moniker://app/lang:rs/module:accounts/comment:583",
      "origin": "extracted",
      "parent": "code+moniker://app/lang:rs/module:accounts",
      "position": [
        583,
        758
      ],
      "signature": "",
      "visibility": ""
    },
    {
      "binding": "export",
      "kind": "enum",
      "moniker": "code+moniker://app/lang:rs/module:accounts/enum:RepoError",
      "origin": "extracted",
      "parent": "code+moniker://app/lang:rs/module:accounts",
      "position": [
        775,
        1003
      ],
      "signature": "",
      "visibility": "public"
    },
    {
      "binding": "none",
      "kind": "comment",
      "moniker": "code+moniker://app/lang:rs/module:accounts/enum:RepoError/comment:797",
      "origin": "extracted",
      "parent": "code+moniker://app/lang:rs/module:accounts/enum:RepoError",
      "position": [
        797,
        833
      ],
      "signature": "",
      "visibility": ""
    },
    {
      "binding": "none",
      "kind": "comment",
      "moniker": "code+moniker://app/lang:rs/module:accounts/enum:RepoError/comment:845",
      "origin": "extracted",
      "parent": "code+moniker://app/lang:rs/module:accounts/enum:RepoError",
      "position": [
        845,
        917
      ],
      "signature": "",
      "visibility": ""
    },
    {
      "binding": "none",
      "kind": "comment",
      "moniker": "code+moniker://app/lang:rs/module:accounts/enum:RepoError/comment:937",
      "origin": "extracted",
      "parent": "code+moniker://app/lang:rs/module:accounts/enum:RepoError",
      "position": [
        937,
        983
      ],
      "signature": "",
      "visibility": ""
    },
    {
      "binding": "export",
      "kind": "method",
      "moniker": "code+moniker://app/lang:rs/module:accounts/enum:RepoError/method:fmt(f:&mutstd::fmt::Formatter<'_>)",
      "origin": "extracted",
      "parent": "code+moniker://app/lang:rs/module:accounts/enum:RepoError",
      "position": [
        1045,
        1299
      ],
      "signature": "",
      "visibility": "public"
    },
    {
      "binding": "none",
      "kind": "comment",
      "moniker": "code+moniker://app/lang:rs/module:accounts/comment:1344",
      "origin": "extracted",
      "parent": "code+moniker://app/lang:rs/module:accounts",
      "position": [
        1344,
        1470
      ],
      "signature": "",
      "visibility": ""
    },
    {
      "binding": "export",
      "kind": "trait",
      "moniker": "code+moniker://app/lang:rs/module:accounts/trait:UserRepository",
      "origin": "extracted",
      "parent": "code+moniker://app/lang:rs/module:accounts",
      "position": [
        1470,
        1826
      ],
      "signature": "",
      "visibility": "public"
    },
    {
      "binding": "none",
      "kind": "comment",
      "moniker": "code+moniker://app/lang:rs/module:accounts/trait:UserRepository/comment:1711",
      "origin": "extracted",
      "parent": "code+moniker://app/lang:rs/module:accounts/trait:UserRepository",
      "position": [
        1711,
        1762
      ],
      "signature": "",
      "visibility": ""
    },
    {
      "binding": "none",
      "kind": "comment",
      "moniker": "code+moniker://app/lang:rs/module:accounts/comment:1828",
      "origin": "extracted",
      "parent": "code+moniker://app/lang:rs/module:accounts",
      "position": [
        1828,
        1968
      ],
      "signature": "",
      "visibility": ""
    },
    {
      "binding": "export",
      "kind": "struct",
      "moniker": "code+moniker://app/lang:rs/module:accounts/struct:InMemoryRepo",
      "origin": "extracted",
      "parent": "code+moniker://app/lang:rs/module:accounts",
      "position": [
        1968,
        2039
      ],
      "signature": "",
      "visibility": "public"
    },
    {
      "binding": "export",
      "kind": "method",
      "moniker": "code+moniker://app/lang:rs/module:accounts/struct:InMemoryRepo/method:new()",
      "origin": "extracted",
      "parent": "code+moniker://app/lang:rs/module:accounts/struct:InMemoryRepo",
      "position": [
        2062,
        2149
      ],
      "signature": "",
      "visibility": "public"
    },
    {
      "binding": "none",
      "kind": "comment",
      "moniker": "code+moniker://app/lang:rs/module:accounts/struct:InMemoryRepo/comment:2152",
      "origin": "extracted",
      "parent": "code+moniker://app/lang:rs/module:accounts/struct:InMemoryRepo",
      "position": [
        2152,
        2298
      ],
      "signature": "",
      "visibility": ""
    },
    {
      "binding": "local",
      "kind": "method",
      "moniker": "code+moniker://app/lang:rs/module:accounts/struct:InMemoryRepo/method:read_guard()",
      "origin": "extracted",
      "parent": "code+moniker://app/lang:rs/module:accounts/struct:InMemoryRepo",
      "position": [
        2300,
        2483
      ],
      "signature": "",
      "visibility": "private"
    },
    {
      "binding": "export",
      "kind": "method",
      "moniker": "code+moniker://app/lang:rs/module:accounts/struct:InMemoryRepo/method:default()",
      "origin": "extracted",
      "parent": "code+moniker://app/lang:rs/module:accounts/struct:InMemoryRepo",
      "position": [
        2520,
        2559
      ],
      "signature": "",
      "visibility": "public"
    },
    {
      "binding": "export",
      "kind": "method",
      "moniker": "code+moniker://app/lang:rs/module:accounts/struct:InMemoryRepo/method:find_by_id(id:&str)",
      "origin": "extracted",
      "parent": "code+moniker://app/lang:rs/module:accounts/struct:InMemoryRepo",
      "position": [
        2603,
        2715
      ],
      "signature": "",
      "visibility": "public"
    },
    {
      "binding": "export",
      "kind": "method",
      "moniker": "code+moniker://app/lang:rs/module:accounts/struct:InMemoryRepo/method:find_by_email(email:&str)",
      "origin": "extracted",
      "parent": "code+moniker://app/lang:rs/module:accounts/struct:InMemoryRepo",
      "position": [
        2718,
        2984
      ],
      "signature": "",
      "visibility": "public"
    },
    {
      "binding": "none",
      "kind": "comment",
      "moniker": "code+moniker://app/lang:rs/module:accounts/struct:InMemoryRepo/method:find_by_email(email:&str)/comment:2794",
      "origin": "extracted",
      "parent": "code+moniker://app/lang:rs/module:accounts/struct:InMemoryRepo/method:find_by_email(email:&str)",
      "position": [
        2794,
        2890
      ],
      "signature": "",
      "visibility": ""
    },
    {
      "binding": "export",
      "kind": "method",
      "moniker": "code+moniker://app/lang:rs/module:accounts/struct:InMemoryRepo/method:insert(user:User)",
      "origin": "extracted",
      "parent": "code+moniker://app/lang:rs/module:accounts/struct:InMemoryRepo",
      "position": [
        2987,
        3477
      ],
      "signature": "",
      "visibility": "public"
    },
    {
      "binding": "none",
      "kind": "comment",
      "moniker": "code+moniker://app/lang:rs/module:accounts/struct:InMemoryRepo/method:insert(user:User)/comment:3146",
      "origin": "extracted",
      "parent": "code+moniker://app/lang:rs/module:accounts/struct:InMemoryRepo/method:insert(user:User)",
      "position": [
        3146,
        3284
      ],
      "signature": "",
      "visibility": ""
    },
    {
      "binding": "export",
      "kind": "method",
      "moniker": "code+moniker://app/lang:rs/module:accounts/struct:InMemoryRepo/method:scan()",
      "origin": "extracted",
      "parent": "code+moniker://app/lang:rs/module:accounts/struct:InMemoryRepo",
      "position": [
        3480,
        3840
      ],
      "signature": "",
      "visibility": "public"
    },
    {
      "binding": "none",
      "kind": "comment",
      "moniker": "code+moniker://app/lang:rs/module:accounts/struct:InMemoryRepo/method:scan()/comment:3545",
      "origin": "extracted",
      "parent": "code+moniker://app/lang:rs/module:accounts/struct:InMemoryRepo/method:scan()",
      "position": [
        3545,
        3677
      ],
      "signature": "",
      "visibility": ""
    },
    {
      "binding": "none",
      "kind": "comment",
      "moniker": "code+moniker://app/lang:rs/module:accounts/comment:3844",
      "origin": "extracted",
      "parent": "code+moniker://app/lang:rs/module:accounts",
      "position": [
        3844,
        3955
      ],
      "signature": "",
      "visibility": ""
    },
    {
      "binding": "export",
      "kind": "fn",
      "moniker": "code+moniker://app/lang:rs/module:accounts/fn:users_with_tag(repo:&R,tag:&str)",
      "origin": "extracted",
      "parent": "code+moniker://app/lang:rs/module:accounts",
      "position": [
        3955,
        4115
      ],
      "signature": "",
      "visibility": "public"
    },
    {
      "binding": "none",
      "kind": "comment",
      "moniker": "code+moniker://app/lang:rs/module:accounts/comment:4117",
      "origin": "extracted",
      "parent": "code+moniker://app/lang:rs/module:accounts",
      "position": [
        4117,
        4377
      ],
      "signature": "",
      "visibility": ""
    },
    {
      "binding": "export",
      "kind": "fn",
      "moniker": "code+moniker://app/lang:rs/module:accounts/fn:make_id(email:&str)",
      "origin": "extracted",
      "parent": "code+moniker://app/lang:rs/module:accounts",
      "position": [
        4377,
        4527
      ],
      "signature": "",
      "visibility": "public"
    }
  ],
  "refs": [
    {
      "alias": "",
      "binding": "import",
      "confidence": "",
      "from": "code+moniker://app/lang:rs/module:accounts",
      "kind": "imports_symbol",
      "position": [
        245,
        275
      ],
      "receiver_hint": "",
      "to": "code+moniker://app/external_pkg:std/path:collections/path:HashMap"
    },
    {
      "alias": "",
      "binding": "import",
      "confidence": "",
      "from": "code+moniker://app/lang:rs/module:accounts",
      "kind": "imports_module",
      "position": [
        245,
        275
      ],
      "receiver_hint": "",
      "to": "code+moniker://app/external_pkg:std/path:collections"
    },
    {
      "alias": "",
      "binding": "import",
      "confidence": "",
      "from": "code+moniker://app/lang:rs/module:accounts",
      "kind": "imports_symbol",
      "position": [
        276,
        295
      ],
      "receiver_hint": "",
      "to": "code+moniker://app/external_pkg:std/path:sync/path:Arc"
    },
    {
      "alias": "",
      "binding": "import",
      "confidence": "",
      "from": "code+moniker://app/lang:rs/module:accounts",
      "kind": "imports_module",
      "position": [
        276,
        295
      ],
      "receiver_hint": "",
      "to": "code+moniker://app/external_pkg:std/path:sync"
    },
    {
      "alias": "",
      "binding": "import",
      "confidence": "",
      "from": "code+moniker://app/lang:rs/module:accounts",
      "kind": "imports_symbol",
      "position": [
        296,
        318
      ],
      "receiver_hint": "",
      "to": "code+moniker://app/external_pkg:std/path:sync/path:RwLock"
    },
    {
      "alias": "",
      "binding": "local",
      "confidence": "name_match",
      "from": "code+moniker://app/lang:rs/module:accounts",
      "kind": "annotates",
      "position": [
        452,
        457
      ],
      "receiver_hint": "",
      "to": "code+moniker://app/lang:rs/module:accounts/trait:Debug"
    },
    {
      "alias": "",
      "binding": "local",
      "confidence": "name_match",
      "from": "code+moniker://app/lang:rs/module:accounts",
      "kind": "annotates",
      "position": [
        459,
        464
      ],
      "receiver_hint": "",
      "to": "code+moniker://app/lang:rs/module:accounts/trait:Clone"
    },
    {
      "alias": "",
      "binding": "local",
      "confidence": "name_match",
      "from": "code+moniker://app/lang:rs/module:accounts",
      "kind": "annotates",
      "position": [
        466,
        475
      ],
      "receiver_hint": "",
      "to": "code+moniker://app/lang:rs/module:accounts/trait:PartialEq"
    },
    {
      "alias": "",
      "binding": "local",
      "confidence": "name_match",
      "from": "code+moniker://app/lang:rs/module:accounts",
      "kind": "annotates",
      "position": [
        477,
        479
      ],
      "receiver_hint": "",
      "to": "code+moniker://app/lang:rs/module:accounts/trait:Eq"
    },
    {
      "alias": "",
      "binding": "local",
      "confidence": "name_match",
      "from": "code+moniker://app/lang:rs/module:accounts/struct:User",
      "kind": "uses_type",
      "position": [
        567,
        570
      ],
      "receiver_hint": "",
      "to": "code+moniker://app/lang:rs/module:accounts/struct:Vec"
    },
    {
      "alias": "",
      "binding": "local",
      "confidence": "name_match",
      "from": "code+moniker://app/lang:rs/module:accounts",
      "kind": "annotates",
      "position": [
        767,
        772
      ],
      "receiver_hint": "",
      "to": "code+moniker://app/lang:rs/module:accounts/trait:Debug"
    },
    {
      "alias": "",
      "binding": "local",
      "confidence": "",
      "from": "code+moniker://app/lang:rs/module:accounts/enum:RepoError",
      "kind": "implements",
      "position": [
        1005,
        1301
      ],
      "receiver_hint": "",
      "to": "code+moniker://app/lang:rs/module:accounts/trait:Display"
    },
    {
      "alias": "",
      "binding": "local",
      "confidence": "name_match",
      "from": "code+moniker://app/lang:rs/module:accounts/enum:RepoError/method:fmt(f:&mutstd::fmt::Formatter<'_>)",
      "kind": "uses_type",
      "position": [
        1077,
        1086
      ],
      "receiver_hint": "",
      "to": "code+moniker://app/lang:rs/module:accounts/struct:Formatter"
    },
    {
      "alias": "",
      "binding": "local",
      "confidence": "name_match",
      "from": "code+moniker://app/lang:rs/module:accounts/enum:RepoError/method:fmt(f:&mutstd::fmt::Formatter<'_>)",
      "kind": "uses_type",
      "position": [
        1105,
        1111
      ],
      "receiver_hint": "",
      "to": "code+moniker://app/lang:rs/module:accounts/struct:Result"
    },
    {
      "alias": "",
      "binding": "local",
      "confidence": "name_match",
      "from": "code+moniker://app/lang:rs/module:accounts/enum:RepoError/method:fmt(f:&mutstd::fmt::Formatter<'_>)",
      "kind": "reads",
      "position": [
        1132,
        1151
      ],
      "receiver_hint": "",
      "to": "code+moniker://app/lang:rs/module:accounts/path:NotFound"
    },
    {
      "alias": "",
      "binding": "local",
      "confidence": "unresolved",
      "from": "code+moniker://app/lang:rs/module:accounts/enum:RepoError/method:fmt(f:&mutstd::fmt::Formatter<'_>)",
      "kind": "calls",
      "position": [
        1155,
        1177
      ],
      "receiver_hint": "",
      "to": "code+moniker://app/lang:rs/module:accounts/macro:write"
    },
    {
      "alias": "",
      "binding": "local",
      "confidence": "name_match",
      "from": "code+moniker://app/lang:rs/module:accounts/enum:RepoError/method:fmt(f:&mutstd::fmt::Formatter<'_>)",
      "kind": "reads",
      "position": [
        1182,
        1201
      ],
      "receiver_hint": "",
      "to": "code+moniker://app/lang:rs/module:accounts/path:Conflict"
    },
    {
      "alias": "",
      "binding": "local",
      "confidence": "unresolved",
      "from": "code+moniker://app/lang:rs/module:accounts/enum:RepoError/method:fmt(f:&mutstd::fmt::Formatter<'_>)",
      "kind": "calls",
      "position": [
        1208,
        1234
      ],
      "receiver_hint": "",
      "to": "code+moniker://app/lang:rs/module:accounts/macro:write"
    },
    {
      "alias": "",
      "binding": "local",
      "confidence": "name_match",
      "from": "code+moniker://app/lang:rs/module:accounts/enum:RepoError/method:fmt(f:&mutstd::fmt::Formatter<'_>)",
      "kind": "reads",
      "position": [
        1239,
        1258
      ],
      "receiver_hint": "",
      "to": "code+moniker://app/lang:rs/module:accounts/path:Internal"
    },
    {
      "alias": "",
      "binding": "local",
      "confidence": "unresolved",
      "from": "code+moniker://app/lang:rs/module:accounts/enum:RepoError/method:fmt(f:&mutstd::fmt::Formatter<'_>)",
      "kind": "calls",
      "position": [
        1265,
        1291
      ],
      "receiver_hint": "",
      "to": "code+moniker://app/lang:rs/module:accounts/macro:write"
    },
    {
      "alias": "",
      "binding": "local",
      "confidence": "",
      "from": "code+moniker://app/lang:rs/module:accounts/enum:RepoError",
      "kind": "implements",
      "position": [
        1303,
        1342
      ],
      "receiver_hint": "",
      "to": "code+moniker://app/lang:rs/module:accounts/trait:Error"
    },
    {
      "alias": "",
      "binding": "local",
      "confidence": "name_match",
      "from": "code+moniker://app/lang:rs/module:accounts/trait:UserRepository",
      "kind": "extends",
      "position": [
        1496,
        1500
      ],
      "receiver_hint": "",
      "to": "code+moniker://app/lang:rs/module:accounts/trait:Send"
    },
    {
      "alias": "",
      "binding": "local",
      "confidence": "name_match",
      "from": "code+moniker://app/lang:rs/module:accounts/trait:UserRepository",
      "kind": "extends",
      "position": [
        1503,
        1507
      ],
      "receiver_hint": "",
      "to": "code+moniker://app/lang:rs/module:accounts/trait:Sync"
    },
    {
      "alias": "",
      "binding": "local",
      "confidence": "name_match",
      "from": "code+moniker://app/lang:rs/module:accounts/struct:InMemoryRepo",
      "kind": "uses_type",
      "position": [
        2002,
        2005
      ],
      "receiver_hint": "",
      "to": "code+moniker://app/lang:rs/module:accounts/struct:Arc"
    },
    {
      "alias": "",
      "binding": "local",
      "confidence": "name_match",
      "from": "code+moniker://app/lang:rs/module:accounts/struct:InMemoryRepo",
      "kind": "uses_type",
      "position": [
        2006,
        2012
      ],
      "receiver_hint": "",
      "to": "code+moniker://app/lang:rs/module:accounts/struct:RwLock"
    },
    {
      "alias": "",
      "binding": "local",
      "confidence": "name_match",
      "from": "code+moniker://app/lang:rs/module:accounts/struct:InMemoryRepo",
      "kind": "uses_type",
      "position": [
        2013,
        2020
      ],
      "receiver_hint": "",
      "to": "code+moniker://app/lang:rs/module:accounts/struct:HashMap"
    },
    {
      "alias": "",
      "binding": "local",
      "confidence": "name_match",
      "from": "code+moniker://app/lang:rs/module:accounts/struct:InMemoryRepo",
      "kind": "uses_type",
      "position": [
        2029,
        2033
      ],
      "receiver_hint": "",
      "to": "code+moniker://app/lang:rs/module:accounts/struct:User"
    },
    {
      "alias": "",
      "binding": "local",
      "confidence": "resolved",
      "from": "code+moniker://app/lang:rs/module:accounts/struct:InMemoryRepo/method:new()",
      "kind": "instantiates",
      "position": [
        2087,
        2146
      ],
      "receiver_hint": "",
      "to": "code+moniker://app/lang:rs/module:accounts/struct:InMemoryRepo"
    },
    {
      "alias": "",
      "binding": "local",
      "confidence": "name_match",
      "from": "code+moniker://app/lang:rs/module:accounts/struct:InMemoryRepo/method:new()",
      "kind": "instantiates",
      "position": [
        2104,
        2141
      ],
      "receiver_hint": "",
      "to": "code+moniker://app/lang:rs/module:accounts/struct:Arc"
    },
    {
      "alias": "",
      "binding": "local",
      "confidence": "name_match",
      "from": "code+moniker://app/lang:rs/module:accounts/struct:InMemoryRepo/method:new()",
      "kind": "instantiates",
      "position": [
        2113,
        2140
      ],
      "receiver_hint": "",
      "to": "code+moniker://app/lang:rs/module:accounts/struct:RwLock"
    },
    {
      "alias": "",
      "binding": "local",
      "confidence": "name_match",
      "from": "code+moniker://app/lang:rs/module:accounts/struct:InMemoryRepo/method:new()",
      "kind": "instantiates",
      "position": [
        2125,
        2139
      ],
      "receiver_hint": "",
      "to": "code+moniker://app/lang:rs/module:accounts/struct:HashMap"
    },
    {
      "alias": "",
      "binding": "local",
      "confidence": "name_match",
      "from": "code+moniker://app/lang:rs/module:accounts/struct:InMemoryRepo/method:read_guard()",
      "kind": "uses_type",
      "position": [
        2330,
        2336
      ],
      "receiver_hint": "",
      "to": "code+moniker://app/lang:rs/module:accounts/struct:Result"
    },
    {
      "alias": "",
      "binding": "local",
      "confidence": "name_match",
      "from": "code+moniker://app/lang:rs/module:accounts/struct:InMemoryRepo/method:read_guard()",
      "kind": "uses_type",
      "position": [
        2348,
        2363
      ],
      "receiver_hint": "",
      "to": "code+moniker://app/lang:rs/module:accounts/struct:RwLockReadGuard"
    },
    {
      "alias": "",
      "binding": "local",
      "confidence": "name_match",
      "from": "code+moniker://app/lang:rs/module:accounts/struct:InMemoryRepo/method:read_guard()",
      "kind": "uses_type",
      "position": [
        2368,
        2375
      ],
      "receiver_hint": "",
      "to": "code+moniker://app/lang:rs/module:accounts/struct:HashMap"
    },
    {
      "alias": "",
      "binding": "local",
      "confidence": "name_match",
      "from": "code+moniker://app/lang:rs/module:accounts/struct:InMemoryRepo/method:read_guard()",
      "kind": "uses_type",
      "position": [
        2384,
        2388
      ],
      "receiver_hint": "",
      "to": "code+moniker://app/lang:rs/module:accounts/struct:User"
    },
    {
      "alias": "",
      "binding": "local",
      "confidence": "name_match",
      "from": "code+moniker://app/lang:rs/module:accounts/struct:InMemoryRepo/method:read_guard()",
      "kind": "uses_type",
      "position": [
        2392,
        2401
      ],
      "receiver_hint": "",
      "to": "code+moniker://app/lang:rs/module:accounts/struct:RepoError"
    },
    {
      "alias": "",
      "binding": "local",
      "confidence": "unresolved",
      "from": "code+moniker://app/lang:rs/module:accounts/struct:InMemoryRepo/method:read_guard()",
      "kind": "method_call",
      "position": [
        2407,
        2480
      ],
      "receiver_hint": "call",
      "to": "code+moniker://app/lang:rs/module:accounts/method:map_err"
    },
    {
      "alias": "",
      "binding": "local",
      "confidence": "unresolved",
      "from": "code+moniker://app/lang:rs/module:accounts/struct:InMemoryRepo/method:read_guard()",
      "kind": "method_call",
      "position": [
        2407,
        2428
      ],
      "receiver_hint": "member",
      "to": "code+moniker://app/lang:rs/module:accounts/method:read"
    },
    {
      "alias": "",
      "binding": "local",
      "confidence": "name_match",
      "from": "code+moniker://app/lang:rs/module:accounts/struct:InMemoryRepo/method:read_guard()",
      "kind": "instantiates",
      "position": [
        2445,
        2479
      ],
      "receiver_hint": "",
      "to": "code+moniker://app/lang:rs/module:accounts/enum:RepoError"
    },
    {
      "alias": "",
      "binding": "local",
      "confidence": "unresolved",
      "from": "code+moniker://app/lang:rs/module:accounts/struct:InMemoryRepo/method:read_guard()",
      "kind": "method_call",
      "position": [
        2465,
        2478
      ],
      "receiver_hint": "e",
      "to": "code+moniker://app/lang:rs/module:accounts/method:to_string"
    },
    {
      "alias": "",
      "binding": "local",
      "confidence": "",
      "from": "code+moniker://app/lang:rs/module:accounts/struct:InMemoryRepo",
      "kind": "implements",
      "position": [
        2487,
        2561
      ],
      "receiver_hint": "",
      "to": "code+moniker://app/lang:rs/module:accounts/trait:Default"
    },
    {
      "alias": "",
      "binding": "local",
      "confidence": "resolved",
      "from": "code+moniker://app/lang:rs/module:accounts/struct:InMemoryRepo/method:default()",
      "kind": "instantiates",
      "position": [
        2545,
        2556
      ],
      "receiver_hint": "",
      "to": "code+moniker://app/lang:rs/module:accounts/struct:InMemoryRepo"
    },
    {
      "alias": "",
      "binding": "local",
      "confidence": "",
      "from": "code+moniker://app/lang:rs/module:accounts/struct:InMemoryRepo",
      "kind": "implements",
      "position": [
        2563,
        3842
      ],
      "receiver_hint": "",
      "to": "code+moniker://app/lang:rs/module:accounts/trait:UserRepository"
    },
    {
      "alias": "",
      "binding": "local",
      "confidence": "name_match",
      "from": "code+moniker://app/lang:rs/module:accounts/struct:InMemoryRepo/method:find_by_id(id:&str)",
      "kind": "uses_type",
      "position": [
        2637,
        2643
      ],
      "receiver_hint": "",
      "to": "code+moniker://app/lang:rs/module:accounts/struct:Result"
    },
    {
      "alias": "",
      "binding": "local",
      "confidence": "name_match",
      "from": "code+moniker://app/lang:rs/module:accounts/struct:InMemoryRepo/method:find_by_id(id:&str)",
      "kind": "uses_type",
      "position": [
        2644,
        2650
      ],
      "receiver_hint": "",
      "to": "code+moniker://app/lang:rs/module:accounts/struct:Option"
    },
    {
      "alias": "",
      "binding": "local",
      "confidence": "name_match",
      "from": "code+moniker://app/lang:rs/module:accounts/struct:InMemoryRepo/method:find_by_id(id:&str)",
      "kind": "uses_type",
      "position": [
        2651,
        2655
      ],
      "receiver_hint": "",
      "to": "code+moniker://app/lang:rs/module:accounts/struct:User"
    },
    {
      "alias": "",
      "binding": "local",
      "confidence": "name_match",
      "from": "code+moniker://app/lang:rs/module:accounts/struct:InMemoryRepo/method:find_by_id(id:&str)",
      "kind": "uses_type",
      "position": [
        2658,
        2667
      ],
      "receiver_hint": "",
      "to": "code+moniker://app/lang:rs/module:accounts/struct:RepoError"
    },
    {
      "alias": "",
      "binding": "local",
      "confidence": "name_match",
      "from": "code+moniker://app/lang:rs/module:accounts/struct:InMemoryRepo/method:find_by_id(id:&str)",
      "kind": "instantiates",
      "position": [
        2673,
        2712
      ],
      "receiver_hint": "",
      "to": "code+moniker://app/lang:rs/module:accounts/struct:Ok"
    },
    {
      "alias": "",
      "binding": "local",
      "confidence": "unresolved",
      "from": "code+moniker://app/lang:rs/module:accounts/struct:InMemoryRepo/method:find_by_id(id:&str)",
      "kind": "method_call",
      "position": [
        2676,
        2711
      ],
      "receiver_hint": "call",
      "to": "code+moniker://app/lang:rs/module:accounts/method:cloned"
    },
    {
      "alias": "",
      "binding": "local",
      "confidence": "unresolved",
      "from": "code+moniker://app/lang:rs/module:accounts/struct:InMemoryRepo/method:find_by_id(id:&str)",
      "kind": "method_call",
      "position": [
        2676,
        2702
      ],
      "receiver_hint": "",
      "to": "code+moniker://app/lang:rs/module:accounts/method:get"
    },
    {
      "alias": "",
      "binding": "local",
      "confidence": "resolved",
      "from": "code+moniker://app/lang:rs/module:accounts/struct:InMemoryRepo/method:find_by_id(id:&str)",
      "kind": "method_call",
      "position": [
        2676,
        2693
      ],
      "receiver_hint": "self",
      "to": "code+moniker://app/lang:rs/module:accounts/struct:InMemoryRepo/method:read_guard()"
    },
    {
      "alias": "",
      "binding": "local",
      "confidence": "name_match",
      "from": "code+moniker://app/lang:rs/module:accounts/struct:InMemoryRepo/method:find_by_email(email:&str)",
      "kind": "uses_type",
      "position": [
        2758,
        2764
      ],
      "receiver_hint": "",
      "to": "code+moniker://app/lang:rs/module:accounts/struct:Result"
    },
    {
      "alias": "",
      "binding": "local",
      "confidence": "name_match",
      "from": "code+moniker://app/lang:rs/module:accounts/struct:InMemoryRepo/method:find_by_email(email:&str)",
      "kind": "uses_type",
      "position": [
        2765,
        2771
      ],
      "receiver_hint": "",
      "to": "code+moniker://app/lang:rs/module:accounts/struct:Option"
    },
    {
      "alias": "",
      "binding": "local",
      "confidence": "name_match",
      "from": "code+moniker://app/lang:rs/module:accounts/struct:InMemoryRepo/method:find_by_email(email:&str)",
      "kind": "uses_type",
      "position": [
        2772,
        2776
      ],
      "receiver_hint": "",
      "to": "code+moniker://app/lang:rs/module:accounts/struct:User"
    },
    {
      "alias": "",
      "binding": "local",
      "confidence": "name_match",
      "from": "code+moniker://app/lang:rs/module:accounts/struct:InMemoryRepo/method:find_by_email(email:&str)",
      "kind": "uses_type",
      "position": [
        2779,
        2788
      ],
      "receiver_hint": "",
      "to": "code+moniker://app/lang:rs/module:accounts/struct:RepoError"
    },
    {
      "alias": "",
      "binding": "local",
      "confidence": "resolved",
      "from": "code+moniker://app/lang:rs/module:accounts/struct:InMemoryRepo/method:find_by_email(email:&str)",
      "kind": "method_call",
      "position": [
        2905,
        2922
      ],
      "receiver_hint": "self",
      "to": "code+moniker://app/lang:rs/module:accounts/struct:InMemoryRepo/method:read_guard()"
    },
    {
      "alias": "",
      "binding": "local",
      "confidence": "name_match",
      "from": "code+moniker://app/lang:rs/module:accounts/struct:InMemoryRepo/method:find_by_email(email:&str)",
      "kind": "instantiates",
      "position": [
        2927,
        2981
      ],
      "receiver_hint": "",
      "to": "code+moniker://app/lang:rs/module:accounts/struct:Ok"
    },
    {
      "alias": "",
      "binding": "local",
      "confidence": "unresolved",
      "from": "code+moniker://app/lang:rs/module:accounts/struct:InMemoryRepo/method:find_by_email(email:&str)",
      "kind": "method_call",
      "position": [
        2930,
        2980
      ],
      "receiver_hint": "call",
      "to": "code+moniker://app/lang:rs/module:accounts/method:cloned"
    },
    {
      "alias": "",
      "binding": "local",
      "confidence": "unresolved",
      "from": "code+moniker://app/lang:rs/module:accounts/struct:InMemoryRepo/method:find_by_email(email:&str)",
      "kind": "method_call",
      "position": [
        2930,
        2971
      ],
      "receiver_hint": "call",
      "to": "code+moniker://app/lang:rs/module:accounts/method:find"
    },
    {
      "alias": "",
      "binding": "local",
      "confidence": "unresolved",
      "from": "code+moniker://app/lang:rs/module:accounts/struct:InMemoryRepo/method:find_by_email(email:&str)",
      "kind": "method_call",
      "position": [
        2930,
        2944
      ],
      "receiver_hint": "by_id",
      "to": "code+moniker://app/lang:rs/module:accounts/method:values"
    },
    {
      "alias": "",
      "binding": "local",
      "confidence": "name_match",
      "from": "code+moniker://app/lang:rs/module:accounts/struct:InMemoryRepo/method:insert(user:User)",
      "kind": "uses_type",
      "position": [
        3010,
        3014
      ],
      "receiver_hint": "",
      "to": "code+moniker://app/lang:rs/module:accounts/struct:User"
    },
    {
      "alias": "",
      "binding": "local",
      "confidence": "name_match",
      "from": "code+moniker://app/lang:rs/module:accounts/struct:InMemoryRepo/method:insert(user:User)",
      "kind": "uses_type",
      "position": [
        3019,
        3025
      ],
      "receiver_hint": "",
      "to": "code+moniker://app/lang:rs/module:accounts/struct:Result"
    },
    {
      "alias": "",
      "binding": "local",
      "confidence": "name_match",
      "from": "code+moniker://app/lang:rs/module:accounts/struct:InMemoryRepo/method:insert(user:User)",
      "kind": "uses_type",
      "position": [
        3026,
        3030
      ],
      "receiver_hint": "",
      "to": "code+moniker://app/lang:rs/module:accounts/struct:User"
    },
    {
      "alias": "",
      "binding": "local",
      "confidence": "name_match",
      "from": "code+moniker://app/lang:rs/module:accounts/struct:InMemoryRepo/method:insert(user:User)",
      "kind": "uses_type",
      "position": [
        3032,
        3041
      ],
      "receiver_hint": "",
      "to": "code+moniker://app/lang:rs/module:accounts/struct:RepoError"
    },
    {
      "alias": "",
      "binding": "local",
      "confidence": "unresolved",
      "from": "code+moniker://app/lang:rs/module:accounts/struct:InMemoryRepo/method:insert(user:User)",
      "kind": "method_call",
      "position": [
        3063,
        3141
      ],
      "receiver_hint": "call",
      "to": "code+moniker://app/lang:rs/module:accounts/method:map_err"
    },
    {
      "alias": "",
      "binding": "local",
      "confidence": "unresolved",
      "from": "code+moniker://app/lang:rs/module:accounts/struct:InMemoryRepo/method:insert(user:User)",
      "kind": "method_call",
      "position": [
        3063,
        3089
      ],
      "receiver_hint": "member",
      "to": "code+moniker://app/lang:rs/module:accounts/method:write"
    },
    {
      "alias": "",
      "binding": "local",
      "confidence": "name_match",
      "from": "code+moniker://app/lang:rs/module:accounts/struct:InMemoryRepo/method:insert(user:User)",
      "kind": "instantiates",
      "position": [
        3106,
        3140
      ],
      "receiver_hint": "",
      "to": "code+moniker://app/lang:rs/module:accounts/enum:RepoError"
    },
    {
      "alias": "",
      "binding": "local",
      "confidence": "unresolved",
      "from": "code+moniker://app/lang:rs/module:accounts/struct:InMemoryRepo/method:insert(user:User)",
      "kind": "method_call",
      "position": [
        3126,
        3139
      ],
      "receiver_hint": "e",
      "to": "code+moniker://app/lang:rs/module:accounts/method:to_string"
    },
    {
      "alias": "",
      "binding": "local",
      "confidence": "unresolved",
      "from": "code+moniker://app/lang:rs/module:accounts/struct:InMemoryRepo/method:insert(user:User)",
      "kind": "method_call",
      "position": [
        3290,
        3335
      ],
      "receiver_hint": "call",
      "to": "code+moniker://app/lang:rs/module:accounts/method:any"
    },
    {
      "alias": "",
      "binding": "local",
      "confidence": "unresolved",
      "from": "code+moniker://app/lang:rs/module:accounts/struct:InMemoryRepo/method:insert(user:User)",
      "kind": "method_call",
      "position": [
        3290,
        3304
      ],
      "receiver_hint": "by_id",
      "to": "code+moniker://app/lang:rs/module:accounts/method:values"
    },
    {
      "alias": "",
      "binding": "local",
      "confidence": "name_match",
      "from": "code+moniker://app/lang:rs/module:accounts/struct:InMemoryRepo/method:insert(user:User)",
      "kind": "instantiates",
      "position": [
        3348,
        3411
      ],
      "receiver_hint": "",
      "to": "code+moniker://app/lang:rs/module:accounts/struct:Err"
    },
    {
      "alias": "",
      "binding": "local",
      "confidence": "name_match",
      "from": "code+moniker://app/lang:rs/module:accounts/struct:InMemoryRepo/method:insert(user:User)",
      "kind": "instantiates",
      "position": [
        3352,
        3410
      ],
      "receiver_hint": "",
      "to": "code+moniker://app/lang:rs/module:accounts/enum:RepoError"
    },
    {
      "alias": "",
      "binding": "local",
      "confidence": "unresolved",
      "from": "code+moniker://app/lang:rs/module:accounts/struct:InMemoryRepo/method:insert(user:User)",
      "kind": "calls",
      "position": [
        3372,
        3409
      ],
      "receiver_hint": "",
      "to": "code+moniker://app/lang:rs/module:accounts/macro:format"
    },
    {
      "alias": "",
      "binding": "local",
      "confidence": "unresolved",
      "from": "code+moniker://app/lang:rs/module:accounts/struct:InMemoryRepo/method:insert(user:User)",
      "kind": "method_call",
      "position": [
        3419,
        3462
      ],
      "receiver_hint": "by_id",
      "to": "code+moniker://app/lang:rs/module:accounts/method:insert"
    },
    {
      "alias": "",
      "binding": "local",
      "confidence": "unresolved",
      "from": "code+moniker://app/lang:rs/module:accounts/struct:InMemoryRepo/method:insert(user:User)",
      "kind": "method_call",
      "position": [
        3432,
        3447
      ],
      "receiver_hint": "member",
      "to": "code+moniker://app/lang:rs/module:accounts/method:clone"
    },
    {
      "alias": "",
      "binding": "local",
      "confidence": "unresolved",
      "from": "code+moniker://app/lang:rs/module:accounts/struct:InMemoryRepo/method:insert(user:User)",
      "kind": "method_call",
      "position": [
        3449,
        3461
      ],
      "receiver_hint": "user",
      "to": "code+moniker://app/lang:rs/module:accounts/method:clone"
    },
    {
      "alias": "",
      "binding": "local",
      "confidence": "name_match",
      "from": "code+moniker://app/lang:rs/module:accounts/struct:InMemoryRepo/method:insert(user:User)",
      "kind": "instantiates",
      "position": [
        3466,
        3474
      ],
      "receiver_hint": "",
      "to": "code+moniker://app/lang:rs/module:accounts/struct:Ok"
    },
    {
      "alias": "",
      "binding": "local",
      "confidence": "name_match",
      "from": "code+moniker://app/lang:rs/module:accounts/struct:InMemoryRepo/method:scan()",
      "kind": "uses_type",
      "position": [
        3505,
        3508
      ],
      "receiver_hint": "",
      "to": "code+moniker://app/lang:rs/module:accounts/struct:Box"
    },
    {
      "alias": "",
      "binding": "local",
      "confidence": "name_match",
      "from": "code+moniker://app/lang:rs/module:accounts/struct:InMemoryRepo/method:scan()",
      "kind": "uses_type",
      "position": [
        3513,
        3521
      ],
      "receiver_hint": "",
      "to": "code+moniker://app/lang:rs/module:accounts/struct:Iterator"
    },
    {
      "alias": "",
      "binding": "local",
      "confidence": "name_match",
      "from": "code+moniker://app/lang:rs/module:accounts/struct:InMemoryRepo/method:scan()",
      "kind": "uses_type",
      "position": [
        3522,
        3526
      ],
      "receiver_hint": "",
      "to": "code+moniker://app/lang:rs/module:accounts/struct:Item"
    },
    {
      "alias": "",
      "binding": "local",
      "confidence": "name_match",
      "from": "code+moniker://app/lang:rs/module:accounts/struct:InMemoryRepo/method:scan()",
      "kind": "uses_type",
      "position": [
        3529,
        3533
      ],
      "receiver_hint": "",
      "to": "code+moniker://app/lang:rs/module:accounts/struct:User"
    },
    {
      "alias": "",
      "binding": "local",
      "confidence": "name_match",
      "from": "code+moniker://app/lang:rs/module:accounts/struct:InMemoryRepo/method:scan()",
      "kind": "uses_type",
      "position": [
        3694,
        3697
      ],
      "receiver_hint": "",
      "to": "code+moniker://app/lang:rs/module:accounts/struct:Vec"
    },
    {
      "alias": "",
      "binding": "local",
      "confidence": "name_match",
      "from": "code+moniker://app/lang:rs/module:accounts/struct:InMemoryRepo/method:scan()",
      "kind": "uses_type",
      "position": [
        3698,
        3702
      ],
      "receiver_hint": "",
      "to": "code+moniker://app/lang:rs/module:accounts/struct:User"
    },
    {
      "alias": "",
      "binding": "local",
      "confidence": "resolved",
      "from": "code+moniker://app/lang:rs/module:accounts/struct:InMemoryRepo/method:scan()",
      "kind": "method_call",
      "position": [
        3712,
        3729
      ],
      "receiver_hint": "self",
      "to": "code+moniker://app/lang:rs/module:accounts/struct:InMemoryRepo/method:read_guard()"
    },
    {
      "alias": "",
      "binding": "local",
      "confidence": "unresolved",
      "from": "code+moniker://app/lang:rs/module:accounts/struct:InMemoryRepo/method:scan()",
      "kind": "method_call",
      "position": [
        3744,
        3773
      ],
      "receiver_hint": "call",
      "to": "code+moniker://app/lang:rs/module:accounts/method:collect"
    },
    {
      "alias": "",
      "binding": "local",
      "confidence": "unresolved",
      "from": "code+moniker://app/lang:rs/module:accounts/struct:InMemoryRepo/method:scan()",
      "kind": "method_call",
      "position": [
        3744,
        3763
      ],
      "receiver_hint": "call",
      "to": "code+moniker://app/lang:rs/module:accounts/method:cloned"
    },
    {
      "alias": "",
      "binding": "local",
      "confidence": "unresolved",
      "from": "code+moniker://app/lang:rs/module:accounts/struct:InMemoryRepo/method:scan()",
      "kind": "method_call",
      "position": [
        3744,
        3754
      ],
      "receiver_hint": "g",
      "to": "code+moniker://app/lang:rs/module:accounts/method:values"
    },
    {
      "alias": "",
      "binding": "local",
      "confidence": "name_match",
      "from": "code+moniker://app/lang:rs/module:accounts/struct:InMemoryRepo/method:scan()",
      "kind": "instantiates",
      "position": [
        3788,
        3798
      ],
      "receiver_hint": "",
      "to": "code+moniker://app/lang:rs/module:accounts/struct:Vec"
    },
    {
      "alias": "",
      "binding": "local",
      "confidence": "name_match",
      "from": "code+moniker://app/lang:rs/module:accounts/struct:InMemoryRepo/method:scan()",
      "kind": "instantiates",
      "position": [
        3807,
        3837
      ],
      "receiver_hint": "",
      "to": "code+moniker://app/lang:rs/module:accounts/struct:Box"
    },
    {
      "alias": "",
      "binding": "local",
      "confidence": "unresolved",
      "from": "code+moniker://app/lang:rs/module:accounts/struct:InMemoryRepo/method:scan()",
      "kind": "method_call",
      "position": [
        3816,
        3836
      ],
      "receiver_hint": "snapshot",
      "to": "code+moniker://app/lang:rs/module:accounts/method:into_iter"
    },
    {
      "alias": "",
      "binding": "local",
      "confidence": "name_match",
      "from": "code+moniker://app/lang:rs/module:accounts/fn:users_with_tag(repo:&R,tag:&str)",
      "kind": "uses_type",
      "position": [
        4029,
        4032
      ],
      "receiver_hint": "",
      "to": "code+moniker://app/lang:rs/module:accounts/struct:Vec"
    },
    {
      "alias": "",
      "binding": "local",
      "confidence": "name_match",
      "from": "code+moniker://app/lang:rs/module:accounts/fn:users_with_tag(repo:&R,tag:&str)",
      "kind": "uses_type",
      "position": [
        4033,
        4037
      ],
      "receiver_hint": "",
      "to": "code+moniker://app/lang:rs/module:accounts/struct:User"
    },
    {
      "alias": "",
      "binding": "local",
      "confidence": "unresolved",
      "from": "code+moniker://app/lang:rs/module:accounts/fn:users_with_tag(repo:&R,tag:&str)",
      "kind": "method_call",
      "position": [
        4042,
        4113
      ],
      "receiver_hint": "call",
      "to": "code+moniker://app/lang:rs/module:accounts/method:collect"
    },
    {
      "alias": "",
      "binding": "local",
      "confidence": "unresolved",
      "from": "code+moniker://app/lang:rs/module:accounts/fn:users_with_tag(repo:&R,tag:&str)",
      "kind": "method_call",
      "position": [
        4042,
        4100
      ],
      "receiver_hint": "call",
      "to": "code+moniker://app/lang:rs/module:accounts/method:filter"
    },
    {
      "alias": "",
      "binding": "local",
      "confidence": "unresolved",
      "from": "code+moniker://app/lang:rs/module:accounts/fn:users_with_tag(repo:&R,tag:&str)",
      "kind": "method_call",
      "position": [
        4042,
        4053
      ],
      "receiver_hint": "repo",
      "to": "code+moniker://app/lang:rs/module:accounts/method:scan"
    },
    {
      "alias": "",
      "binding": "local",
      "confidence": "unresolved",
      "from": "code+moniker://app/lang:rs/module:accounts/fn:users_with_tag(repo:&R,tag:&str)",
      "kind": "method_call",
      "position": [
        4068,
        4099
      ],
      "receiver_hint": "call",
      "to": "code+moniker://app/lang:rs/module:accounts/method:any"
    },
    {
      "alias": "",
      "binding": "local",
      "confidence": "unresolved",
      "from": "code+moniker://app/lang:rs/module:accounts/fn:users_with_tag(repo:&R,tag:&str)",
      "kind": "method_call",
      "position": [
        4068,
        4081
      ],
      "receiver_hint": "member",
      "to": "code+moniker://app/lang:rs/module:accounts/method:iter"
    },
    {
      "alias": "",
      "binding": "local",
      "confidence": "unresolved",
      "from": "code+moniker://app/lang:rs/module:accounts/fn:make_id(email:&str)",
      "kind": "method_call",
      "position": [
        4424,
        4439
      ],
      "receiver_hint": "email",
      "to": "code+moniker://app/lang:rs/module:accounts/method:find"
    },
    {
      "alias": "",
      "binding": "local",
      "confidence": "unresolved",
      "from": "code+moniker://app/lang:rs/module:accounts/fn:make_id(email:&str)",
      "kind": "method_call",
      "position": [
        4466,
        4492
      ],
      "receiver_hint": "",
      "to": "code+moniker://app/lang:rs/module:accounts/method:to_lowercase"
    },
    {
      "alias": "",
      "binding": "local",
      "confidence": "unresolved",
      "from": "code+moniker://app/lang:rs/module:accounts/fn:make_id(email:&str)",
      "kind": "method_call",
      "position": [
        4501,
        4521
      ],
      "receiver_hint": "email",
      "to": "code+moniker://app/lang:rs/module:accounts/method:to_lowercase"
    }
  ],
  "root": "code+moniker://app/lang:rs/module:accounts"
}
