---
source: crates/core/tests/extractor_snapshots.rs
expression: body
input_file: crates/core/tests/fixtures/ts/closures.ts
---
{
  "defs": [
    {
      "binding": "none",
      "kind": "comment",
      "moniker": "code+moniker://app/lang:ts/module:closures/comment:0",
      "origin": "extracted",
      "parent": "code+moniker://app/lang:ts/module:closures",
      "position": [
        0,
        24
      ],
      "signature": "",
      "visibility": ""
    },
    {
      "binding": "export",
      "kind": "function",
      "moniker": "code+moniker://app/lang:ts/module:closures/function:makeStringer()",
      "origin": "extracted",
      "parent": "code+moniker://app/lang:ts/module:closures",
      "position": [
        32,
        225
      ],
      "signature": "",
      "visibility": "public"
    },
    {
      "binding": "none",
      "kind": "comment",
      "moniker": "code+moniker://app/lang:ts/module:closures/function:makeStringer()/comment:59",
      "origin": "extracted",
      "parent": "code+moniker://app/lang:ts/module:closures/function:makeStringer()",
      "position": [
        59,
        92
      ],
      "signature": "",
      "visibility": ""
    },
    {
      "binding": "export",
      "kind": "type",
      "moniker": "code+moniker://app/lang:ts/module:closures/function:makeStringer()/type:Local",
      "origin": "extracted",
      "parent": "code+moniker://app/lang:ts/module:closures/function:makeStringer()",
      "position": [
        94,
        114
      ],
      "signature": "",
      "visibility": "public"
    },
    {
      "binding": "none",
      "kind": "comment",
      "moniker": "code+moniker://app/lang:ts/module:closures/function:makeStringer()/comment:116",
      "origin": "extracted",
      "parent": "code+moniker://app/lang:ts/module:closures/function:makeStringer()",
      "position": [
        116,
        158
      ],
      "signature": "",
      "visibility": ""
    },
    {
      "binding": "export",
      "kind": "function",
      "moniker": "code+moniker://app/lang:ts/module:closures/function:makeStringer()/function:inner(x:Local)",
      "origin": "extracted",
      "parent": "code+moniker://app/lang:ts/module:closures/function:makeStringer()",
      "position": [
        160,
        208
      ],
      "signature": "",
      "visibility": "public"
    },
    {
      "binding": "none",
      "kind": "comment",
      "moniker": "code+moniker://app/lang:ts/module:closures/comment:227",
      "origin": "extracted",
      "parent": "code+moniker://app/lang:ts/module:closures",
      "position": [
        227,
        249
      ],
      "signature": "",
      "visibility": ""
    },
    {
      "binding": "export",
      "kind": "function",
      "moniker": "code+moniker://app/lang:ts/module:closures/function:makeShaper()",
      "origin": "extracted",
      "parent": "code+moniker://app/lang:ts/module:closures",
      "position": [
        257,
        460
      ],
      "signature": "",
      "visibility": "public"
    },
    {
      "binding": "none",
      "kind": "comment",
      "moniker": "code+moniker://app/lang:ts/module:closures/function:makeShaper()/comment:282",
      "origin": "extracted",
      "parent": "code+moniker://app/lang:ts/module:closures/function:makeShaper()",
      "position": [
        282,
        320
      ],
      "signature": "",
      "visibility": ""
    },
    {
      "binding": "export",
      "kind": "interface",
      "moniker": "code+moniker://app/lang:ts/module:closures/function:makeShaper()/interface:Shape",
      "origin": "extracted",
      "parent": "code+moniker://app/lang:ts/module:closures/function:makeShaper()",
      "position": [
        322,
        355
      ],
      "signature": "",
      "visibility": "public"
    },
    {
      "binding": "export",
      "kind": "field",
      "moniker": "code+moniker://app/lang:ts/module:closures/function:makeShaper()/interface:Shape/field:v",
      "origin": "extracted",
      "parent": "code+moniker://app/lang:ts/module:closures/function:makeShaper()/interface:Shape",
      "position": [
        342,
        351
      ],
      "signature": "",
      "visibility": "public"
    },
    {
      "binding": "none",
      "kind": "comment",
      "moniker": "code+moniker://app/lang:ts/module:closures/function:makeShaper()/comment:357",
      "origin": "extracted",
      "parent": "code+moniker://app/lang:ts/module:closures/function:makeShaper()",
      "position": [
        357,
        391
      ],
      "signature": "",
      "visibility": ""
    },
    {
      "binding": "export",
      "kind": "function",
      "moniker": "code+moniker://app/lang:ts/module:closures/function:makeShaper()/function:client(s:Shape)",
      "origin": "extracted",
      "parent": "code+moniker://app/lang:ts/module:closures/function:makeShaper()",
      "position": [
        393,
        442
      ],
      "signature": "",
      "visibility": "public"
    },
    {
      "binding": "none",
      "kind": "comment",
      "moniker": "code+moniker://app/lang:ts/module:closures/comment:462",
      "origin": "extracted",
      "parent": "code+moniker://app/lang:ts/module:closures",
      "position": [
        462,
        482
      ],
      "signature": "",
      "visibility": ""
    },
    {
      "binding": "export",
      "kind": "function",
      "moniker": "code+moniker://app/lang:ts/module:closures/function:makeMode()",
      "origin": "extracted",
      "parent": "code+moniker://app/lang:ts/module:closures",
      "position": [
        490,
        668
      ],
      "signature": "",
      "visibility": "public"
    },
    {
      "binding": "none",
      "kind": "comment",
      "moniker": "code+moniker://app/lang:ts/module:closures/function:makeMode()/comment:513",
      "origin": "extracted",
      "parent": "code+moniker://app/lang:ts/module:closures/function:makeMode()",
      "position": [
        513,
        546
      ],
      "signature": "",
      "visibility": ""
    },
    {
      "binding": "export",
      "kind": "enum",
      "moniker": "code+moniker://app/lang:ts/module:closures/function:makeMode()/enum:Mode",
      "origin": "extracted",
      "parent": "code+moniker://app/lang:ts/module:closures/function:makeMode()",
      "position": [
        548,
        572
      ],
      "signature": "",
      "visibility": "public"
    },
    {
      "binding": "local",
      "kind": "enum_constant",
      "moniker": "code+moniker://app/lang:ts/module:closures/function:makeMode()/enum:Mode/enum_constant:A",
      "origin": "extracted",
      "parent": "code+moniker://app/lang:ts/module:closures/function:makeMode()/enum:Mode",
      "position": [
        562,
        563
      ],
      "signature": "",
      "visibility": ""
    },
    {
      "binding": "local",
      "kind": "enum_constant",
      "moniker": "code+moniker://app/lang:ts/module:closures/function:makeMode()/enum:Mode/enum_constant:B",
      "origin": "extracted",
      "parent": "code+moniker://app/lang:ts/module:closures/function:makeMode()/enum:Mode",
      "position": [
        567,
        568
      ],
      "signature": "",
      "visibility": ""
    },
    {
      "binding": "none",
      "kind": "comment",
      "moniker": "code+moniker://app/lang:ts/module:closures/function:makeMode()/comment:574",
      "origin": "extracted",
      "parent": "code+moniker://app/lang:ts/module:closures/function:makeMode()",
      "position": [
        574,
        605
      ],
      "signature": "",
      "visibility": ""
    },
    {
      "binding": "export",
      "kind": "function",
      "moniker": "code+moniker://app/lang:ts/module:closures/function:makeMode()/function:pick(m:Mode)",
      "origin": "extracted",
      "parent": "code+moniker://app/lang:ts/module:closures/function:makeMode()",
      "position": [
        607,
        652
      ],
      "signature": "",
      "visibility": "public"
    },
    {
      "binding": "none",
      "kind": "comment",
      "moniker": "code+moniker://app/lang:ts/module:closures/comment:670",
      "origin": "extracted",
      "parent": "code+moniker://app/lang:ts/module:closures",
      "position": [
        670,
        693
      ],
      "signature": "",
      "visibility": ""
    },
    {
      "binding": "export",
      "kind": "function",
      "moniker": "code+moniker://app/lang:ts/module:closures/function:makeBuilder()",
      "origin": "extracted",
      "parent": "code+moniker://app/lang:ts/module:closures",
      "position": [
        701,
        934
      ],
      "signature": "",
      "visibility": "public"
    },
    {
      "binding": "none",
      "kind": "comment",
      "moniker": "code+moniker://app/lang:ts/module:closures/function:makeBuilder()/comment:727",
      "origin": "extracted",
      "parent": "code+moniker://app/lang:ts/module:closures/function:makeBuilder()",
      "position": [
        727,
        761
      ],
      "signature": "",
      "visibility": ""
    },
    {
      "binding": "export",
      "kind": "class",
      "moniker": "code+moniker://app/lang:ts/module:closures/function:makeBuilder()/class:Local",
      "origin": "extracted",
      "parent": "code+moniker://app/lang:ts/module:closures/function:makeBuilder()",
      "position": [
        763,
        792
      ],
      "signature": "",
      "visibility": "public"
    },
    {
      "binding": "export",
      "kind": "field",
      "moniker": "code+moniker://app/lang:ts/module:closures/function:makeBuilder()/class:Local/field:ok",
      "origin": "extracted",
      "parent": "code+moniker://app/lang:ts/module:closures/function:makeBuilder()/class:Local",
      "position": [
        779,
        788
      ],
      "signature": "",
      "visibility": "public"
    },
    {
      "binding": "none",
      "kind": "comment",
      "moniker": "code+moniker://app/lang:ts/module:closures/function:makeBuilder()/comment:794",
      "origin": "extracted",
      "parent": "code+moniker://app/lang:ts/module:closures/function:makeBuilder()",
      "position": [
        794,
        821
      ],
      "signature": "",
      "visibility": ""
    },
    {
      "binding": "export",
      "kind": "function",
      "moniker": "code+moniker://app/lang:ts/module:closures/function:makeBuilder()/function:build()",
      "origin": "extracted",
      "parent": "code+moniker://app/lang:ts/module:closures/function:makeBuilder()",
      "position": [
        823,
        917
      ],
      "signature": "",
      "visibility": "public"
    },
    {
      "binding": "none",
      "kind": "comment",
      "moniker": "code+moniker://app/lang:ts/module:closures/function:makeBuilder()/function:build()/comment:851",
      "origin": "extracted",
      "parent": "code+moniker://app/lang:ts/module:closures/function:makeBuilder()/function:build()",
      "position": [
        851,
        892
      ],
      "signature": "",
      "visibility": ""
    }
  ],
  "refs": [
    {
      "alias": "",
      "binding": "local",
      "confidence": "name_match",
      "from": "code+moniker://app/lang:ts/module:closures/function:makeStringer()/function:inner(x:Local)",
      "kind": "uses_type",
      "position": [
        186,
        191
      ],
      "receiver_hint": "",
      "to": "code+moniker://app/lang:ts/module:closures/function:makeStringer()/type:Local"
    },
    {
      "alias": "",
      "binding": "local",
      "confidence": "name_match",
      "from": "code+moniker://app/lang:ts/module:closures/function:makeStringer()/function:inner(x:Local)",
      "kind": "uses_type",
      "position": [
        178,
        183
      ],
      "receiver_hint": "",
      "to": "code+moniker://app/lang:ts/module:closures/function:makeStringer()/type:Local"
    },
    {
      "alias": "",
      "binding": "local",
      "confidence": "name_match",
      "from": "code+moniker://app/lang:ts/module:closures/function:makeStringer()",
      "kind": "reads",
      "position": [
        217,
        222
      ],
      "receiver_hint": "",
      "to": "code+moniker://app/lang:ts/module:closures/function:inner"
    },
    {
      "alias": "",
      "binding": "local",
      "confidence": "name_match",
      "from": "code+moniker://app/lang:ts/module:closures/function:makeShaper()/function:client(s:Shape)",
      "kind": "uses_type",
      "position": [
        420,
        425
      ],
      "receiver_hint": "",
      "to": "code+moniker://app/lang:ts/module:closures/function:makeShaper()/interface:Shape"
    },
    {
      "alias": "",
      "binding": "local",
      "confidence": "name_match",
      "from": "code+moniker://app/lang:ts/module:closures/function:makeShaper()/function:client(s:Shape)",
      "kind": "uses_type",
      "position": [
        412,
        417
      ],
      "receiver_hint": "",
      "to": "code+moniker://app/lang:ts/module:closures/function:makeShaper()/interface:Shape"
    },
    {
      "alias": "",
      "binding": "local",
      "confidence": "name_match",
      "from": "code+moniker://app/lang:ts/module:closures/function:makeShaper()",
      "kind": "reads",
      "position": [
        451,
        457
      ],
      "receiver_hint": "",
      "to": "code+moniker://app/lang:ts/module:closures/function:client"
    },
    {
      "alias": "",
      "binding": "local",
      "confidence": "name_match",
      "from": "code+moniker://app/lang:ts/module:closures/function:makeMode()/function:pick(m:Mode)",
      "kind": "uses_type",
      "position": [
        631,
        635
      ],
      "receiver_hint": "",
      "to": "code+moniker://app/lang:ts/module:closures/function:makeMode()/enum:Mode"
    },
    {
      "alias": "",
      "binding": "local",
      "confidence": "name_match",
      "from": "code+moniker://app/lang:ts/module:closures/function:makeMode()/function:pick(m:Mode)",
      "kind": "uses_type",
      "position": [
        624,
        628
      ],
      "receiver_hint": "",
      "to": "code+moniker://app/lang:ts/module:closures/function:makeMode()/enum:Mode"
    },
    {
      "alias": "",
      "binding": "local",
      "confidence": "name_match",
      "from": "code+moniker://app/lang:ts/module:closures/function:makeMode()",
      "kind": "reads",
      "position": [
        661,
        665
      ],
      "receiver_hint": "",
      "to": "code+moniker://app/lang:ts/module:closures/function:pick"
    },
    {
      "alias": "",
      "binding": "local",
      "confidence": "name_match",
      "from": "code+moniker://app/lang:ts/module:closures/function:makeBuilder()/function:build()",
      "kind": "uses_type",
      "position": [
        841,
        846
      ],
      "receiver_hint": "",
      "to": "code+moniker://app/lang:ts/module:closures/function:makeBuilder()/class:Local"
    },
    {
      "alias": "",
      "binding": "local",
      "confidence": "resolved",
      "from": "code+moniker://app/lang:ts/module:closures/function:makeBuilder()/function:build()",
      "kind": "instantiates",
      "position": [
        902,
        913
      ],
      "receiver_hint": "",
      "to": "code+moniker://app/lang:ts/module:closures/function:makeBuilder()/class:Local"
    },
    {
      "alias": "",
      "binding": "local",
      "confidence": "name_match",
      "from": "code+moniker://app/lang:ts/module:closures/function:makeBuilder()",
      "kind": "reads",
      "position": [
        926,
        931
      ],
      "receiver_hint": "",
      "to": "code+moniker://app/lang:ts/module:closures/function:build"
    }
  ],
  "root": "code+moniker://app/lang:ts/module:closures"
}
