---
source: crates/core/tests/extractors_snapshots.rs
expression: body
input_file: crates/core/tests/fixtures/extractors/rs/rust_refs.rs
---
{
  "defs": [
    {
      "binding": "none",
      "kind": "comment",
      "moniker": "code+moniker://app/lang:rs/module:rust_refs/comment:63",
      "origin": "extracted",
      "parent": "code+moniker://app/lang:rs/module:rust_refs",
      "position": [
        63,
        92
      ],
      "signature": "",
      "visibility": ""
    },
    {
      "binding": "local",
      "kind": "fn",
      "moniker": "code+moniker://app/lang:rs/module:rust_refs/fn:normalize(values:Vec<String>)",
      "origin": "extracted",
      "parent": "code+moniker://app/lang:rs/module:rust_refs",
      "position": [
        93,
        485
      ],
      "signature": "",
      "visibility": "private"
    },
    {
      "binding": "none",
      "kind": "comment",
      "moniker": "code+moniker://app/lang:rs/module:rust_refs/fn:normalize(values:Vec<String>)/comment:145",
      "origin": "extracted",
      "parent": "code+moniker://app/lang:rs/module:rust_refs/fn:normalize(values:Vec<String>)",
      "position": [
        145,
        187
      ],
      "signature": "",
      "visibility": ""
    },
    {
      "binding": "none",
      "kind": "comment",
      "moniker": "code+moniker://app/lang:rs/module:rust_refs/fn:normalize(values:Vec<String>)/comment:248",
      "origin": "extracted",
      "parent": "code+moniker://app/lang:rs/module:rust_refs/fn:normalize(values:Vec<String>)",
      "position": [
        248,
        287
      ],
      "signature": "",
      "visibility": ""
    },
    {
      "binding": "none",
      "kind": "comment",
      "moniker": "code+moniker://app/lang:rs/module:rust_refs/comment:487",
      "origin": "extracted",
      "parent": "code+moniker://app/lang:rs/module:rust_refs",
      "position": [
        487,
        521
      ],
      "signature": "",
      "visibility": ""
    },
    {
      "binding": "local",
      "kind": "fn",
      "moniker": "code+moniker://app/lang:rs/module:rust_refs/fn:local_project_call()",
      "origin": "extracted",
      "parent": "code+moniker://app/lang:rs/module:rust_refs",
      "position": [
        522,
        634
      ],
      "signature": "",
      "visibility": "private"
    },
    {
      "binding": "none",
      "kind": "comment",
      "moniker": "code+moniker://app/lang:rs/module:rust_refs/fn:local_project_call()/comment:549",
      "origin": "extracted",
      "parent": "code+moniker://app/lang:rs/module:rust_refs/fn:local_project_call()",
      "position": [
        549,
        603
      ],
      "signature": "",
      "visibility": ""
    },
    {
      "binding": "none",
      "kind": "comment",
      "moniker": "code+moniker://app/lang:rs/module:rust_refs/comment:636",
      "origin": "extracted",
      "parent": "code+moniker://app/lang:rs/module:rust_refs",
      "position": [
        636,
        660
      ],
      "signature": "",
      "visibility": ""
    },
    {
      "binding": "local",
      "kind": "fn",
      "moniker": "code+moniker://app/lang:rs/module:rust_refs/fn:parent_helper()",
      "origin": "extracted",
      "parent": "code+moniker://app/lang:rs/module:rust_refs",
      "position": [
        661,
        682
      ],
      "signature": "",
      "visibility": "private"
    },
    {
      "binding": "local",
      "kind": "module",
      "moniker": "code+moniker://app/lang:rs/module:rust_refs/module:nested",
      "origin": "extracted",
      "parent": "code+moniker://app/lang:rs/module:rust_refs",
      "position": [
        684,
        1040
      ],
      "signature": "",
      "visibility": "private"
    },
    {
      "binding": "none",
      "kind": "comment",
      "moniker": "code+moniker://app/lang:rs/module:rust_refs/module:nested/comment:698",
      "origin": "extracted",
      "parent": "code+moniker://app/lang:rs/module:rust_refs/module:nested",
      "position": [
        698,
        722
      ],
      "signature": "",
      "visibility": ""
    },
    {
      "binding": "export",
      "kind": "fn",
      "moniker": "code+moniker://app/lang:rs/module:rust_refs/module:nested/fn:nested_caller()",
      "origin": "extracted",
      "parent": "code+moniker://app/lang:rs/module:rust_refs/module:nested",
      "position": [
        724,
        982
      ],
      "signature": "",
      "visibility": "public"
    },
    {
      "binding": "none",
      "kind": "comment",
      "moniker": "code+moniker://app/lang:rs/module:rust_refs/module:nested/fn:nested_caller()/comment:751",
      "origin": "extracted",
      "parent": "code+moniker://app/lang:rs/module:rust_refs/module:nested/fn:nested_caller()",
      "position": [
        751,
        801
      ],
      "signature": "",
      "visibility": ""
    },
    {
      "binding": "none",
      "kind": "comment",
      "moniker": "code+moniker://app/lang:rs/module:rust_refs/module:nested/fn:nested_caller()/comment:830",
      "origin": "extracted",
      "parent": "code+moniker://app/lang:rs/module:rust_refs/module:nested/fn:nested_caller()",
      "position": [
        830,
        877
      ],
      "signature": "",
      "visibility": ""
    },
    {
      "binding": "none",
      "kind": "comment",
      "moniker": "code+moniker://app/lang:rs/module:rust_refs/module:nested/fn:nested_caller()/comment:906",
      "origin": "extracted",
      "parent": "code+moniker://app/lang:rs/module:rust_refs/module:nested/fn:nested_caller()",
      "position": [
        906,
        953
      ],
      "signature": "",
      "visibility": ""
    },
    {
      "binding": "none",
      "kind": "comment",
      "moniker": "code+moniker://app/lang:rs/module:rust_refs/module:nested/comment:985",
      "origin": "extracted",
      "parent": "code+moniker://app/lang:rs/module:rust_refs/module:nested",
      "position": [
        985,
        1010
      ],
      "signature": "",
      "visibility": ""
    },
    {
      "binding": "export",
      "kind": "fn",
      "moniker": "code+moniker://app/lang:rs/module:rust_refs/module:nested/fn:nested_sibling()",
      "origin": "extracted",
      "parent": "code+moniker://app/lang:rs/module:rust_refs/module:nested",
      "position": [
        1012,
        1038
      ],
      "signature": "",
      "visibility": "public"
    },
    {
      "binding": "none",
      "kind": "comment",
      "moniker": "code+moniker://app/lang:rs/module:rust_refs/comment:1042",
      "origin": "extracted",
      "parent": "code+moniker://app/lang:rs/module:rust_refs",
      "position": [
        1042,
        1063
      ],
      "signature": "",
      "visibility": ""
    },
    {
      "binding": "local",
      "kind": "fn",
      "moniker": "code+moniker://app/lang:rs/module:rust_refs/fn:dispatcher()",
      "origin": "extracted",
      "parent": "code+moniker://app/lang:rs/module:rust_refs",
      "position": [
        1064,
        1172
      ],
      "signature": "",
      "visibility": "private"
    },
    {
      "binding": "none",
      "kind": "comment",
      "moniker": "code+moniker://app/lang:rs/module:rust_refs/fn:dispatcher()/comment:1083",
      "origin": "extracted",
      "parent": "code+moniker://app/lang:rs/module:rust_refs/fn:dispatcher()",
      "position": [
        1083,
        1143
      ],
      "signature": "",
      "visibility": ""
    },
    {
      "binding": "none",
      "kind": "comment",
      "moniker": "code+moniker://app/lang:rs/module:rust_refs/comment:1174",
      "origin": "extracted",
      "parent": "code+moniker://app/lang:rs/module:rust_refs",
      "position": [
        1174,
        1196
      ],
      "signature": "",
      "visibility": ""
    },
    {
      "binding": "local",
      "kind": "struct",
      "moniker": "code+moniker://app/lang:rs/module:rust_refs/struct:MappedRoot",
      "origin": "extracted",
      "parent": "code+moniker://app/lang:rs/module:rust_refs",
      "position": [
        1197,
        1215
      ],
      "signature": "",
      "visibility": "private"
    },
    {
      "binding": "none",
      "kind": "comment",
      "moniker": "code+moniker://app/lang:rs/module:rust_refs/comment:1217",
      "origin": "extracted",
      "parent": "code+moniker://app/lang:rs/module:rust_refs",
      "position": [
        1217,
        1239
      ],
      "signature": "",
      "visibility": ""
    },
    {
      "binding": "local",
      "kind": "enum",
      "moniker": "code+moniker://app/lang:rs/module:rust_refs/enum:SourceRoot",
      "origin": "extracted",
      "parent": "code+moniker://app/lang:rs/module:rust_refs",
      "position": [
        1240,
        1330
      ],
      "signature": "",
      "visibility": "private"
    },
    {
      "binding": "none",
      "kind": "comment",
      "moniker": "code+moniker://app/lang:rs/module:rust_refs/enum:SourceRoot/comment:1259",
      "origin": "extracted",
      "parent": "code+moniker://app/lang:rs/module:rust_refs/enum:SourceRoot",
      "position": [
        1259,
        1307
      ],
      "signature": "",
      "visibility": ""
    },
    {
      "binding": "local",
      "kind": "enum_constant",
      "moniker": "code+moniker://app/lang:rs/module:rust_refs/enum:SourceRoot/enum_constant:Mapped",
      "origin": "extracted",
      "parent": "code+moniker://app/lang:rs/module:rust_refs/enum:SourceRoot",
      "position": [
        1309,
        1327
      ],
      "signature": "",
      "visibility": ""
    },
    {
      "binding": "none",
      "kind": "comment",
      "moniker": "code+moniker://app/lang:rs/module:rust_refs/comment:1332",
      "origin": "extracted",
      "parent": "code+moniker://app/lang:rs/module:rust_refs",
      "position": [
        1332,
        1363
      ],
      "signature": "",
      "visibility": ""
    },
    {
      "binding": "local",
      "kind": "struct",
      "moniker": "code+moniker://app/lang:rs/module:rust_refs/struct:FsWorkspace",
      "origin": "extracted",
      "parent": "code+moniker://app/lang:rs/module:rust_refs",
      "position": [
        1364,
        1383
      ],
      "signature": "",
      "visibility": "private"
    },
    {
      "binding": "none",
      "kind": "comment",
      "moniker": "code+moniker://app/lang:rs/module:rust_refs/comment:1385",
      "origin": "extracted",
      "parent": "code+moniker://app/lang:rs/module:rust_refs",
      "position": [
        1385,
        1416
      ],
      "signature": "",
      "visibility": ""
    },
    {
      "binding": "local",
      "kind": "fn",
      "moniker": "code+moniker://app/lang:rs/module:rust_refs/fn:unit_struct_consumer()",
      "origin": "extracted",
      "parent": "code+moniker://app/lang:rs/module:rust_refs",
      "position": [
        1417,
        1529
      ],
      "signature": "",
      "visibility": "private"
    },
    {
      "binding": "none",
      "kind": "comment",
      "moniker": "code+moniker://app/lang:rs/module:rust_refs/fn:unit_struct_consumer()/comment:1446",
      "origin": "extracted",
      "parent": "code+moniker://app/lang:rs/module:rust_refs/fn:unit_struct_consumer()",
      "position": [
        1446,
        1496
      ],
      "signature": "",
      "visibility": ""
    },
    {
      "binding": "none",
      "kind": "comment",
      "moniker": "code+moniker://app/lang:rs/module:rust_refs/comment:1531",
      "origin": "extracted",
      "parent": "code+moniker://app/lang:rs/module:rust_refs",
      "position": [
        1531,
        1559
      ],
      "signature": "",
      "visibility": ""
    },
    {
      "binding": "local",
      "kind": "trait",
      "moniker": "code+moniker://app/lang:rs/module:rust_refs/trait:ResolverStrategy",
      "origin": "extracted",
      "parent": "code+moniker://app/lang:rs/module:rust_refs",
      "position": [
        1560,
        1585
      ],
      "signature": "",
      "visibility": "private"
    },
    {
      "binding": "none",
      "kind": "comment",
      "moniker": "code+moniker://app/lang:rs/module:rust_refs/comment:1587",
      "origin": "extracted",
      "parent": "code+moniker://app/lang:rs/module:rust_refs",
      "position": [
        1587,
        1612
      ],
      "signature": "",
      "visibility": ""
    },
    {
      "binding": "local",
      "kind": "struct",
      "moniker": "code+moniker://app/lang:rs/module:rust_refs/struct:LocalResolver",
      "origin": "extracted",
      "parent": "code+moniker://app/lang:rs/module:rust_refs",
      "position": [
        1613,
        1654
      ],
      "signature": "",
      "visibility": "private"
    },
    {
      "binding": "none",
      "kind": "comment",
      "moniker": "code+moniker://app/lang:rs/module:rust_refs/comment:1656",
      "origin": "extracted",
      "parent": "code+moniker://app/lang:rs/module:rust_refs",
      "position": [
        1656,
        1708
      ],
      "signature": "",
      "visibility": ""
    },
    {
      "binding": "none",
      "kind": "comment",
      "moniker": "code+moniker://app/lang:rs/module:rust_refs/comment:1756",
      "origin": "extracted",
      "parent": "code+moniker://app/lang:rs/module:rust_refs",
      "position": [
        1756,
        1780
      ],
      "signature": "",
      "visibility": ""
    },
    {
      "binding": "local",
      "kind": "trait",
      "moniker": "code+moniker://app/lang:rs/module:rust_refs/trait:GeneratedApi",
      "origin": "extracted",
      "parent": "code+moniker://app/lang:rs/module:rust_refs",
      "position": [
        1788,
        1809
      ],
      "signature": "",
      "visibility": "private"
    },
    {
      "binding": "none",
      "kind": "comment",
      "moniker": "code+moniker://app/lang:rs/module:rust_refs/comment:1811",
      "origin": "extracted",
      "parent": "code+moniker://app/lang:rs/module:rust_refs",
      "position": [
        1811,
        1858
      ],
      "signature": "",
      "visibility": ""
    },
    {
      "binding": "none",
      "kind": "comment",
      "moniker": "code+moniker://app/lang:rs/module:rust_refs/comment:1860",
      "origin": "extracted",
      "parent": "code+moniker://app/lang:rs/module:rust_refs",
      "position": [
        1860,
        1881
      ],
      "signature": "",
      "visibility": ""
    },
    {
      "binding": "local",
      "kind": "enum",
      "moniker": "code+moniker://app/lang:rs/module:rust_refs/enum:WireEvent",
      "origin": "extracted",
      "parent": "code+moniker://app/lang:rs/module:rust_refs",
      "position": [
        1890,
        1907
      ],
      "signature": "",
      "visibility": "private"
    },
    {
      "binding": "none",
      "kind": "comment",
      "moniker": "code+moniker://app/lang:rs/module:rust_refs/comment:1909",
      "origin": "extracted",
      "parent": "code+moniker://app/lang:rs/module:rust_refs",
      "position": [
        1909,
        1954
      ],
      "signature": "",
      "visibility": ""
    }
  ],
  "refs": [
    {
      "alias": "",
      "binding": "import",
      "confidence": "external",
      "from": "code+moniker://app/lang:rs/module:rust_refs",
      "kind": "imports_module",
      "position": [
        4,
        29
      ],
      "receiver_hint": "",
      "to": "code+moniker://app/sdk:rs/path:std/path:collections"
    },
    {
      "alias": "",
      "binding": "import",
      "confidence": "external",
      "from": "code+moniker://app/lang:rs/module:rust_refs",
      "kind": "imports_symbol",
      "position": [
        4,
        29
      ],
      "receiver_hint": "",
      "to": "code+moniker://app/sdk:rs/path:std/path:collections/path:HashMap"
    },
    {
      "alias": "",
      "binding": "import",
      "confidence": "external",
      "from": "code+moniker://app/lang:rs/module:rust_refs",
      "kind": "imports_module",
      "position": [
        35,
        60
      ],
      "receiver_hint": "",
      "to": "code+moniker://app/external_pkg:agent_macros"
    },
    {
      "alias": "",
      "binding": "import",
      "confidence": "external",
      "from": "code+moniker://app/lang:rs/module:rust_refs",
      "kind": "imports_symbol",
      "position": [
        35,
        60
      ],
      "receiver_hint": "",
      "to": "code+moniker://app/external_pkg:agent_macros/path:rpc"
    },
    {
      "alias": "",
      "binding": "import",
      "confidence": "external",
      "from": "code+moniker://app/lang:rs/module:rust_refs",
      "kind": "imports_symbol",
      "position": [
        35,
        60
      ],
      "receiver_hint": "",
      "to": "code+moniker://app/external_pkg:agent_macros/path:wire"
    },
    {
      "alias": "",
      "binding": "local",
      "confidence": "external",
      "from": "code+moniker://app/lang:rs/module:rust_refs/fn:normalize(values:Vec<String>)",
      "kind": "uses_type",
      "position": [
        114,
        117
      ],
      "receiver_hint": "",
      "to": "code+moniker://app/sdk:rs/path:std/path:vec/struct:Vec"
    },
    {
      "alias": "",
      "binding": "local",
      "confidence": "external",
      "from": "code+moniker://app/lang:rs/module:rust_refs/fn:normalize(values:Vec<String>)",
      "kind": "uses_type",
      "position": [
        130,
        133
      ],
      "receiver_hint": "",
      "to": "code+moniker://app/sdk:rs/path:std/path:vec/struct:Vec"
    },
    {
      "alias": "",
      "binding": "local",
      "confidence": "external",
      "from": "code+moniker://app/lang:rs/module:rust_refs/fn:normalize(values:Vec<String>)",
      "kind": "instantiates",
      "position": [
        204,
        218
      ],
      "receiver_hint": "",
      "to": "code+moniker://app/sdk:rs/path:std/path:collections/path:HashMap"
    },
    {
      "alias": "",
      "binding": "local",
      "confidence": "external",
      "from": "code+moniker://app/lang:rs/module:rust_refs/fn:normalize(values:Vec<String>)",
      "kind": "instantiates",
      "position": [
        235,
        245
      ],
      "receiver_hint": "",
      "to": "code+moniker://app/sdk:rs/path:std/path:vec/struct:Vec"
    },
    {
      "alias": "",
      "binding": "local",
      "confidence": "external",
      "from": "code+moniker://app/lang:rs/module:rust_refs/fn:normalize(values:Vec<String>)",
      "kind": "method_call",
      "position": [
        302,
        343
      ],
      "receiver_hint": "call",
      "to": "code+moniker://app/sdk:rs/path:std/path:vec/struct:Vec/method:into_iter/method:map"
    },
    {
      "alias": "",
      "binding": "local",
      "confidence": "external",
      "from": "code+moniker://app/lang:rs/module:rust_refs/fn:normalize(values:Vec<String>)",
      "kind": "method_call",
      "position": [
        302,
        320
      ],
      "receiver_hint": "values",
      "to": "code+moniker://app/sdk:rs/path:std/path:vec/struct:Vec/method:into_iter"
    },
    {
      "alias": "",
      "binding": "local",
      "confidence": "external",
      "from": "code+moniker://app/lang:rs/module:rust_refs/fn:normalize(values:Vec<String>)",
      "kind": "method_call",
      "position": [
        329,
        342
      ],
      "receiver_hint": "v",
      "to": "code+moniker://app/sdk:rs/path:std/path:vec/struct:Vec/method:into_iter/method:map/method:to_string"
    },
    {
      "alias": "",
      "binding": "local",
      "confidence": "external",
      "from": "code+moniker://app/lang:rs/module:rust_refs/fn:normalize(values:Vec<String>)",
      "kind": "method_call",
      "position": [
        351,
        362
      ],
      "receiver_hint": "value",
      "to": "code+moniker://app/sdk:rs/path:std/path:vec/struct:Vec/method:into_iter/method:map/method:len"
    },
    {
      "alias": "",
      "binding": "local",
      "confidence": "external",
      "from": "code+moniker://app/lang:rs/module:rust_refs/fn:normalize(values:Vec<String>)",
      "kind": "method_call",
      "position": [
        372,
        411
      ],
      "receiver_hint": "seen",
      "to": "code+moniker://app/sdk:rs/path:std/path:collections/path:HashMap/method:insert"
    },
    {
      "alias": "",
      "binding": "local",
      "confidence": "external",
      "from": "code+moniker://app/lang:rs/module:rust_refs/fn:normalize(values:Vec<String>)",
      "kind": "method_call",
      "position": [
        384,
        397
      ],
      "receiver_hint": "value",
      "to": "code+moniker://app/sdk:rs/path:std/path:vec/struct:Vec/method:into_iter/method:map/method:clone"
    },
    {
      "alias": "",
      "binding": "local",
      "confidence": "external",
      "from": "code+moniker://app/lang:rs/module:rust_refs/fn:normalize(values:Vec<String>)",
      "kind": "method_call",
      "position": [
        399,
        410
      ],
      "receiver_hint": "value",
      "to": "code+moniker://app/sdk:rs/path:std/path:vec/struct:Vec/method:into_iter/method:map/method:len"
    },
    {
      "alias": "",
      "binding": "local",
      "confidence": "external",
      "from": "code+moniker://app/lang:rs/module:rust_refs/fn:normalize(values:Vec<String>)",
      "kind": "method_call",
      "position": [
        416,
        431
      ],
      "receiver_hint": "out",
      "to": "code+moniker://app/sdk:rs/path:std/path:vec/struct:Vec/method:push"
    },
    {
      "alias": "",
      "binding": "local",
      "confidence": "external",
      "from": "code+moniker://app/lang:rs/module:rust_refs/fn:normalize(values:Vec<String>)",
      "kind": "calls",
      "position": [
        441,
        483
      ],
      "receiver_hint": "",
      "to": "code+moniker://app/sdk:rs/path:std/path:macros/macro:vec"
    },
    {
      "alias": "",
      "binding": "local",
      "confidence": "unresolved",
      "from": "code+moniker://app/lang:rs/module:rust_refs/fn:local_project_call()",
      "kind": "calls",
      "position": [
        605,
        631
      ],
      "receiver_hint": "",
      "to": "code+moniker://app/lang:rs/module:rust_refs/fn:missing_project_function"
    },
    {
      "alias": "",
      "binding": "local",
      "confidence": "name_match",
      "from": "code+moniker://app/lang:rs/module:rust_refs/module:nested/fn:nested_caller()",
      "kind": "calls",
      "position": [
        804,
        826
      ],
      "receiver_hint": "",
      "to": "code+moniker://app/lang:rs/module:rust_refs/fn:parent_helper"
    },
    {
      "alias": "",
      "binding": "local",
      "confidence": "name_match",
      "from": "code+moniker://app/lang:rs/module:rust_refs/module:nested/fn:nested_caller()",
      "kind": "calls",
      "position": [
        880,
        902
      ],
      "receiver_hint": "",
      "to": "code+moniker://app/lang:rs/fn:parent_helper"
    },
    {
      "alias": "",
      "binding": "local",
      "confidence": "name_match",
      "from": "code+moniker://app/lang:rs/module:rust_refs/module:nested/fn:nested_caller()",
      "kind": "calls",
      "position": [
        956,
        978
      ],
      "receiver_hint": "",
      "to": "code+moniker://app/lang:rs/module:rust_refs/module:nested/fn:nested_sibling"
    },
    {
      "alias": "",
      "binding": "local",
      "confidence": "name_match",
      "from": "code+moniker://app/lang:rs/module:rust_refs/fn:dispatcher()",
      "kind": "calls",
      "position": [
        1145,
        1169
      ],
      "receiver_hint": "",
      "to": "code+moniker://app/lang:rs/module:rust_refs/module:nested/fn:nested_sibling"
    },
    {
      "alias": "",
      "binding": "local",
      "confidence": "resolved",
      "from": "code+moniker://app/lang:rs/module:rust_refs/enum:SourceRoot",
      "kind": "uses_type",
      "position": [
        1316,
        1326
      ],
      "receiver_hint": "",
      "to": "code+moniker://app/lang:rs/module:rust_refs/struct:MappedRoot"
    },
    {
      "alias": "",
      "binding": "local",
      "confidence": "resolved",
      "from": "code+moniker://app/lang:rs/module:rust_refs/fn:unit_struct_consumer()",
      "kind": "instantiates",
      "position": [
        1515,
        1526
      ],
      "receiver_hint": "",
      "to": "code+moniker://app/lang:rs/module:rust_refs/struct:FsWorkspace"
    },
    {
      "alias": "",
      "binding": "local",
      "confidence": "resolved",
      "from": "code+moniker://app/lang:rs/module:rust_refs/struct:LocalResolver",
      "kind": "uses_type",
      "position": [
        1717,
        1733
      ],
      "receiver_hint": "",
      "to": "code+moniker://app/lang:rs/module:rust_refs/trait:ResolverStrategy"
    },
    {
      "alias": "",
      "binding": "local",
      "confidence": "external",
      "from": "code+moniker://app/lang:rs/module:rust_refs/trait:GeneratedApi",
      "kind": "annotates",
      "position": [
        1783,
        1786
      ],
      "receiver_hint": "",
      "to": "code+moniker://app/external_pkg:agent_macros/path:rpc"
    },
    {
      "alias": "",
      "binding": "local",
      "confidence": "external",
      "from": "code+moniker://app/lang:rs/module:rust_refs/enum:WireEvent",
      "kind": "annotates",
      "position": [
        1884,
        1888
      ],
      "receiver_hint": "",
      "to": "code+moniker://app/external_pkg:agent_macros/path:wire"
    }
  ],
  "root": "code+moniker://app/lang:rs/module:rust_refs"
}
